<?xml version="1.0" encoding="UTF-8"?>
<testsuites name="jest tests" tests="705" failures="0" time="205.145">
  <testsuite name="Component Tests" errors="0" failures="0" skipped="0" timestamp="2021-06-24T16:26:33" time="5.629" tests="5">
    <testcase classname="Component Tests LoginComponent should authenticate the user upon login when previous state was set" name="Component Tests LoginComponent should authenticate the user upon login when previous state was set" time="0.142">
    </testcase>
    <testcase classname="Component Tests LoginComponent should authenticate the user upon login when previous state was not set" name="Component Tests LoginComponent should authenticate the user upon login when previous state was not set" time="0.048">
    </testcase>
    <testcase classname="Component Tests LoginComponent should empty the credentials upon cancel" name="Component Tests LoginComponent should empty the credentials upon cancel" time="0.042">
    </testcase>
    <testcase classname="Component Tests LoginComponent should redirect user when register" name="Component Tests LoginComponent should redirect user when register" time="0.031">
    </testcase>
    <testcase classname="Component Tests LoginComponent should redirect user when request password" name="Component Tests LoginComponent should redirect user when request password" time="0.031">
    </testcase>
  </testsuite>
  <testsuite name="Component Tests" errors="0" failures="0" skipped="0" timestamp="2021-06-24T16:26:33" time="5.864" tests="12">
    <testcase classname="Component Tests JhiHealthCheckComponent baseName and subSystemName should return the basename when it has no sub system" name="Component Tests JhiHealthCheckComponent baseName and subSystemName should return the basename when it has no sub system" time="0.125">
    </testcase>
    <testcase classname="Component Tests JhiHealthCheckComponent baseName and subSystemName should return the basename when it has sub systems" name="Component Tests JhiHealthCheckComponent baseName and subSystemName should return the basename when it has sub systems" time="0.042">
    </testcase>
    <testcase classname="Component Tests JhiHealthCheckComponent baseName and subSystemName should return the sub system name" name="Component Tests JhiHealthCheckComponent baseName and subSystemName should return the sub system name" time="0.03">
    </testcase>
    <testcase classname="Component Tests JhiHealthCheckComponent baseName and subSystemName should return the subsystem when it has multiple keys" name="Component Tests JhiHealthCheckComponent baseName and subSystemName should return the subsystem when it has multiple keys" time="0.03">
    </testcase>
    <testcase classname="Component Tests JhiHealthCheckComponent transformHealthData should flatten empty health data" name="Component Tests JhiHealthCheckComponent transformHealthData should flatten empty health data" time="0.038">
    </testcase>
    <testcase classname="Component Tests JhiHealthCheckComponent transformHealthData should flatten health data with no subsystems" name="Component Tests JhiHealthCheckComponent transformHealthData should flatten health data with no subsystems" time="0.024">
    </testcase>
    <testcase classname="Component Tests JhiHealthCheckComponent transformHealthData should flatten health data with subsystems at level 1, main system has no additional information" name="Component Tests JhiHealthCheckComponent transformHealthData should flatten health data with subsystems at level 1, main system has no additional information" time="0.038">
    </testcase>
    <testcase classname="Component Tests JhiHealthCheckComponent transformHealthData should flatten health data with subsystems at level 1, main system has additional information" name="Component Tests JhiHealthCheckComponent transformHealthData should flatten health data with subsystems at level 1, main system has additional information" time="0.046">
    </testcase>
    <testcase classname="Component Tests JhiHealthCheckComponent transformHealthData should flatten health data with subsystems at level 1, main system has additional error" name="Component Tests JhiHealthCheckComponent transformHealthData should flatten health data with subsystems at level 1, main system has additional error" time="0.028">
    </testcase>
    <testcase classname="Component Tests JhiHealthCheckComponent getBadgeClass should get badge class" name="Component Tests JhiHealthCheckComponent getBadgeClass should get badge class" time="0.037">
    </testcase>
    <testcase classname="Component Tests JhiHealthCheckComponent refresh should call refresh on init" name="Component Tests JhiHealthCheckComponent refresh should call refresh on init" time="0.045">
    </testcase>
    <testcase classname="Component Tests JhiHealthCheckComponent refresh should handle a 503 on refreshing health data" name="Component Tests JhiHealthCheckComponent refresh should handle a 503 on refreshing health data" time="0.03">
    </testcase>
  </testsuite>
  <testsuite name="Component Tests" errors="0" failures="0" skipped="0" timestamp="2021-06-24T16:26:38" time="1.195" tests="1">
    <testcase classname="Component Tests Marca Management Detail Component OnInit Should call load all on init" name="Component Tests Marca Management Detail Component OnInit Should call load all on init" time="0.059">
    </testcase>
  </testsuite>
  <testsuite name="Component Tests" errors="0" failures="0" skipped="0" timestamp="2021-06-24T16:26:38" time="1.258" tests="1">
    <testcase classname="Component Tests PrecioRepuesto Management Component Should call load all on init" name="Component Tests PrecioRepuesto Management Component Should call load all on init" time="0.094">
    </testcase>
  </testsuite>
  <testsuite name="Component Tests" errors="0" failures="0" skipped="0" timestamp="2021-06-24T16:26:39" time="1.168" tests="1">
    <testcase classname="Component Tests MovimientoPresupuesto Management Component Should call load all on init" name="Component Tests MovimientoPresupuesto Management Component Should call load all on init" time="0.09">
    </testcase>
  </testsuite>
  <testsuite name="Component Tests" errors="0" failures="0" skipped="0" timestamp="2021-06-24T16:26:40" time="1.098" tests="1">
    <testcase classname="Component Tests Rubro Management Detail Component OnInit Should call load all on init" name="Component Tests Rubro Management Detail Component OnInit Should call load all on init" time="0.068">
    </testcase>
  </testsuite>
  <testsuite name="Component Tests" errors="0" failures="0" skipped="0" timestamp="2021-06-24T16:26:41" time="1.13" tests="1">
    <testcase classname="Component Tests EstadoPedidoRepuesto Management Component Should call load all on init" name="Component Tests EstadoPedidoRepuesto Management Component Should call load all on init" time="0.06">
    </testcase>
  </testsuite>
  <testsuite name="Component Tests" errors="0" failures="0" skipped="0" timestamp="2021-06-24T16:26:41" time="1.131" tests="1">
    <testcase classname="Component Tests EstadoOperacion Management Delete Component confirmDelete Should call delete service on confirmDelete" name="Component Tests EstadoOperacion Management Delete Component confirmDelete Should call delete service on confirmDelete" time="0.076">
    </testcase>
  </testsuite>
  <testsuite name="Component Tests" errors="0" failures="0" skipped="0" timestamp="2021-06-24T16:26:42" time="1.204" tests="1">
    <testcase classname="Component Tests HistorialPrecio Management Delete Component confirmDelete Should call delete service on confirmDelete" name="Component Tests HistorialPrecio Management Delete Component confirmDelete Should call delete service on confirmDelete" time="0.09">
    </testcase>
  </testsuite>
  <testsuite name="Component Tests" errors="0" failures="0" skipped="0" timestamp="2021-06-24T16:26:42" time="1.143" tests="1">
    <testcase classname="Component Tests MovimientoPedido Management Detail Component OnInit Should call load all on init" name="Component Tests MovimientoPedido Management Detail Component OnInit Should call load all on init" time="0.071">
    </testcase>
  </testsuite>
  <testsuite name="Component Tests" errors="0" failures="0" skipped="0" timestamp="2021-06-24T16:26:43" time="1.112" tests="1">
    <testcase classname="Component Tests Empleado Management Component Should call load all on init" name="Component Tests Empleado Management Component Should call load all on init" time="0.06">
    </testcase>
  </testsuite>
  <testsuite name="Component Tests" errors="0" failures="0" skipped="0" timestamp="2021-06-24T16:26:43" time="1.298" tests="3">
    <testcase classname="Component Tests JhiConfigurationComponent OnInit should set all default values correctly" name="Component Tests JhiConfigurationComponent OnInit should set all default values correctly" time="0.12">
    </testcase>
    <testcase classname="Component Tests JhiConfigurationComponent OnInit Should call load all on init" name="Component Tests JhiConfigurationComponent OnInit Should call load all on init" time="0.124">
    </testcase>
    <testcase classname="Component Tests JhiConfigurationComponent keys method should return the keys of an Object" name="Component Tests JhiConfigurationComponent keys method should return the keys of an Object" time="0.031">
    </testcase>
  </testsuite>
  <testsuite name="Service Tests" errors="0" failures="0" skipped="0" timestamp="2021-06-24T16:26:44" time="1.351" tests="5">
    <testcase classname="Service Tests Presupuesto Service Service methods should find an element" name="Service Tests Presupuesto Service Service methods should find an element" time="0.039">
    </testcase>
    <testcase classname="Service Tests Presupuesto Service Service methods should create a Presupuesto" name="Service Tests Presupuesto Service Service methods should create a Presupuesto" time="0.111">
    </testcase>
    <testcase classname="Service Tests Presupuesto Service Service methods should update a Presupuesto" name="Service Tests Presupuesto Service Service methods should update a Presupuesto" time="0.028">
    </testcase>
    <testcase classname="Service Tests Presupuesto Service Service methods should return a list of Presupuesto" name="Service Tests Presupuesto Service Service methods should return a list of Presupuesto" time="0.022">
    </testcase>
    <testcase classname="Service Tests Presupuesto Service Service methods should delete a Presupuesto" name="Service Tests Presupuesto Service Service methods should delete a Presupuesto" time="0.018">
    </testcase>
  </testsuite>
  <testsuite name="Component Tests" errors="0" failures="0" skipped="0" timestamp="2021-06-24T16:26:45" time="1.179" tests="1">
    <testcase classname="Component Tests EstadoArticulo Management Delete Component confirmDelete Should call delete service on confirmDelete" name="Component Tests EstadoArticulo Management Delete Component confirmDelete Should call delete service on confirmDelete" time="0.068">
    </testcase>
  </testsuite>
  <testsuite name="Component Tests" errors="0" failures="0" skipped="0" timestamp="2021-06-24T16:26:46" time="1.097" tests="1">
    <testcase classname="Component Tests EstadoCostoRepuesto Management Detail Component OnInit Should call load all on init" name="Component Tests EstadoCostoRepuesto Management Detail Component OnInit Should call load all on init" time="0.074">
    </testcase>
  </testsuite>
  <testsuite name="Component Tests" errors="0" failures="0" skipped="0" timestamp="2021-06-24T16:26:46" time="1.436" tests="6">
    <testcase classname="Component Tests Proveedor Management Component Should call load all on init" name="Component Tests Proveedor Management Component Should call load all on init" time="0.104">
    </testcase>
    <testcase classname="Component Tests Proveedor Management Component should load a page" name="Component Tests Proveedor Management Component should load a page" time="0.071">
    </testcase>
    <testcase classname="Component Tests Proveedor Management Component should not load a page is the page is the same as the previous page" name="Component Tests Proveedor Management Component should not load a page is the page is the same as the previous page" time="0.048">
    </testcase>
    <testcase classname="Component Tests Proveedor Management Component should re-initialize the page" name="Component Tests Proveedor Management Component should re-initialize the page" time="0.044">
    </testcase>
    <testcase classname="Component Tests Proveedor Management Component should calculate the sort attribute for an id" name="Component Tests Proveedor Management Component should calculate the sort attribute for an id" time="0.047">
    </testcase>
    <testcase classname="Component Tests Proveedor Management Component should calculate the sort attribute for a non-id attribute" name="Component Tests Proveedor Management Component should calculate the sort attribute for a non-id attribute" time="0.047">
    </testcase>
  </testsuite>
  <testsuite name="Component Tests" errors="0" failures="0" skipped="0" timestamp="2021-06-24T16:26:47" time="1.145" tests="1">
    <testcase classname="Component Tests MovimientoPresupuesto Management Detail Component OnInit Should call load all on init" name="Component Tests MovimientoPresupuesto Management Detail Component OnInit Should call load all on init" time="0.077">
    </testcase>
  </testsuite>
  <testsuite name="Component Tests" errors="0" failures="0" skipped="0" timestamp="2021-06-24T16:26:47" time="1.111" tests="1">
    <testcase classname="Component Tests CostoRepuestoProveedor Management Detail Component OnInit Should call load all on init" name="Component Tests CostoRepuestoProveedor Management Detail Component OnInit Should call load all on init" time="0.058">
    </testcase>
  </testsuite>
  <testsuite name="Component Tests" errors="0" failures="0" skipped="0" timestamp="2021-06-24T16:26:48" time="1.152" tests="1">
    <testcase classname="Component Tests Marca Management Component Should call load all on init" name="Component Tests Marca Management Component Should call load all on init" time="0.09">
    </testcase>
  </testsuite>
  <testsuite name="Component Tests" errors="0" failures="0" skipped="0" timestamp="2021-06-24T16:26:48" time="1.082" tests="1">
    <testcase classname="Component Tests EstadoDetallePedido Management Detail Component OnInit Should call load all on init" name="Component Tests EstadoDetallePedido Management Detail Component OnInit Should call load all on init" time="0.077">
    </testcase>
  </testsuite>
  <testsuite name="Component Tests" errors="0" failures="0" skipped="0" timestamp="2021-06-24T16:26:49" time="1.035" tests="1">
    <testcase classname="Component Tests EstadoPedidoRepuesto Management Detail Component OnInit Should call load all on init" name="Component Tests EstadoPedidoRepuesto Management Detail Component OnInit Should call load all on init" time="0.063">
    </testcase>
  </testsuite>
  <testsuite name="Component Tests" errors="0" failures="0" skipped="0" timestamp="2021-06-24T16:26:50" time="1.08" tests="1">
    <testcase classname="Component Tests Motor Management Component Should call load all on init" name="Component Tests Motor Management Component Should call load all on init" time="0.068">
    </testcase>
  </testsuite>
  <testsuite name="Component Tests" errors="0" failures="0" skipped="0" timestamp="2021-06-24T16:26:50" time="1.154" tests="2">
    <testcase classname="Component Tests EstadoPresupuesto Management Update Component save Should call update service on save for existing entity" name="Component Tests EstadoPresupuesto Management Update Component save Should call update service on save for existing entity" time="0.105">
    </testcase>
    <testcase classname="Component Tests EstadoPresupuesto Management Update Component save Should call create service on save for new entity" name="Component Tests EstadoPresupuesto Management Update Component save Should call create service on save for new entity" time="0.041">
    </testcase>
  </testsuite>
  <testsuite name="Component Tests" errors="0" failures="0" skipped="0" timestamp="2021-06-24T16:26:51" time="1.207" tests="2">
    <testcase classname="Component Tests Caja Management Update Component save Should call update service on save for existing entity" name="Component Tests Caja Management Update Component save Should call update service on save for existing entity" time="0.085">
    </testcase>
    <testcase classname="Component Tests Caja Management Update Component save Should call create service on save for new entity" name="Component Tests Caja Management Update Component save Should call create service on save for new entity" time="0.056">
    </testcase>
  </testsuite>
  <testsuite name="Component Tests" errors="0" failures="0" skipped="0" timestamp="2021-06-24T16:26:51" time="1.084" tests="1">
    <testcase classname="Component Tests DetallePresupuesto Management Delete Component confirmDelete Should call delete service on confirmDelete" name="Component Tests DetallePresupuesto Management Delete Component confirmDelete Should call delete service on confirmDelete" time="0.069">
    </testcase>
  </testsuite>
  <testsuite name="Component Tests" errors="0" failures="0" skipped="0" timestamp="2021-06-24T16:26:52" time="1.043" tests="1">
    <testcase classname="Component Tests EstadoDetallePedido Management Delete Component confirmDelete Should call delete service on confirmDelete" name="Component Tests EstadoDetallePedido Management Delete Component confirmDelete Should call delete service on confirmDelete" time="0.066">
    </testcase>
  </testsuite>
  <testsuite name="Component Tests" errors="0" failures="0" skipped="0" timestamp="2021-06-24T16:26:53" time="1.05" tests="1">
    <testcase classname="Component Tests EstadoMovimiento Management Detail Component OnInit Should call load all on init" name="Component Tests EstadoMovimiento Management Detail Component OnInit Should call load all on init" time="0.073">
    </testcase>
  </testsuite>
  <testsuite name="Component Tests" errors="0" failures="0" skipped="0" timestamp="2021-06-24T16:26:53" time="1.082" tests="1">
    <testcase classname="Component Tests Banco Management Component Should call load all on init" name="Component Tests Banco Management Component Should call load all on init" time="0.087">
    </testcase>
  </testsuite>
  <testsuite name="Component Tests" errors="0" failures="0" skipped="0" timestamp="2021-06-24T16:26:54" time="1.074" tests="1">
    <testcase classname="Component Tests Rubro Management Component Should call load all on init" name="Component Tests Rubro Management Component Should call load all on init" time="0.064">
    </testcase>
  </testsuite>
  <testsuite name="Component Tests" errors="0" failures="0" skipped="0" timestamp="2021-06-24T16:26:54" time="1.334" tests="7">
    <testcase classname="Component Tests Alert Error Component Error Handling Should display an alert on status 0" name="Component Tests Alert Error Component Error Handling Should display an alert on status 0" time="0.07">
    </testcase>
    <testcase classname="Component Tests Alert Error Component Error Handling Should display an alert on status 404" name="Component Tests Alert Error Component Error Handling Should display an alert on status 404" time="0.043">
    </testcase>
    <testcase classname="Component Tests Alert Error Component Error Handling Should display an alert on generic error" name="Component Tests Alert Error Component Error Handling Should display an alert on generic error" time="0.031">
    </testcase>
    <testcase classname="Component Tests Alert Error Component Error Handling Should display an alert on status 400 for generic error" name="Component Tests Alert Error Component Error Handling Should display an alert on status 400 for generic error" time="0.047">
    </testcase>
    <testcase classname="Component Tests Alert Error Component Error Handling Should display an alert on status 400 for generic error without message" name="Component Tests Alert Error Component Error Handling Should display an alert on status 400 for generic error without message" time="0.047">
    </testcase>
    <testcase classname="Component Tests Alert Error Component Error Handling Should display an alert on status 400 for invalid parameters" name="Component Tests Alert Error Component Error Handling Should display an alert on status 400 for invalid parameters" time="0.032">
    </testcase>
    <testcase classname="Component Tests Alert Error Component Error Handling Should display an alert on status 400 for error headers" name="Component Tests Alert Error Component Error Handling Should display an alert on status 400 for error headers" time="0.033">
    </testcase>
  </testsuite>
  <testsuite name="Component Tests" errors="0" failures="0" skipped="0" timestamp="2021-06-24T16:26:55" time="1.103" tests="1">
    <testcase classname="Component Tests CobranzaOperacion Management Detail Component OnInit Should call load all on init" name="Component Tests CobranzaOperacion Management Detail Component OnInit Should call load all on init" time="0.084">
    </testcase>
  </testsuite>
  <testsuite name="Component Tests" errors="0" failures="0" skipped="0" timestamp="2021-06-24T16:26:56" time="1.065" tests="1">
    <testcase classname="Component Tests HistorialPrecio Management Detail Component OnInit Should call load all on init" name="Component Tests HistorialPrecio Management Detail Component OnInit Should call load all on init" time="0.07">
    </testcase>
  </testsuite>
  <testsuite name="Component Tests" errors="0" failures="0" skipped="0" timestamp="2021-06-24T16:26:56" time="1.063" tests="1">
    <testcase classname="Component Tests EstadoCobranzaOperacion Management Delete Component confirmDelete Should call delete service on confirmDelete" name="Component Tests EstadoCobranzaOperacion Management Delete Component confirmDelete Should call delete service on confirmDelete" time="0.066">
    </testcase>
  </testsuite>
  <testsuite name="Component Tests" errors="0" failures="0" skipped="0" timestamp="2021-06-24T16:26:57" time="1.082" tests="1">
    <testcase classname="Component Tests Cliente Management Component Should call load all on init" name="Component Tests Cliente Management Component Should call load all on init" time="0.063">
    </testcase>
  </testsuite>
  <testsuite name="Component Tests" errors="0" failures="0" skipped="0" timestamp="2021-06-24T16:26:57" time="1.413" tests="1">
    <testcase classname="Component Tests DetalleMovimiento Management Delete Component confirmDelete Should call delete service on confirmDelete" name="Component Tests DetalleMovimiento Management Delete Component confirmDelete Should call delete service on confirmDelete" time="0.101">
    </testcase>
  </testsuite>
  <testsuite name="Component Tests" errors="0" failures="0" skipped="0" timestamp="2021-06-24T16:26:58" time="1.326" tests="1">
    <testcase classname="Component Tests EstadoOperacion Management Detail Component OnInit Should call load all on init" name="Component Tests EstadoOperacion Management Detail Component OnInit Should call load all on init" time="0.066">
    </testcase>
  </testsuite>
  <testsuite name="Component Tests" errors="0" failures="0" skipped="0" timestamp="2021-06-24T16:26:58" time="1.127" tests="1">
    <testcase classname="Component Tests PedidoRepuesto Management Delete Component confirmDelete Should call delete service on confirmDelete" name="Component Tests PedidoRepuesto Management Delete Component confirmDelete Should call delete service on confirmDelete" time="0.074">
    </testcase>
  </testsuite>
  <testsuite name="Component Tests" errors="0" failures="0" skipped="0" timestamp="2021-06-24T16:26:59" time="1.087" tests="1">
    <testcase classname="Component Tests MovimientoArticulo Management Delete Component confirmDelete Should call delete service on confirmDelete" name="Component Tests MovimientoArticulo Management Delete Component confirmDelete Should call delete service on confirmDelete" time="0.08">
    </testcase>
  </testsuite>
  <testsuite name="Component Tests" errors="0" failures="0" skipped="0" timestamp="2021-06-24T16:27:00" time="1.088" tests="1">
    <testcase classname="Component Tests DocumentationType Management Delete Component confirmDelete Should call delete service on confirmDelete" name="Component Tests DocumentationType Management Delete Component confirmDelete Should call delete service on confirmDelete" time="0.073">
    </testcase>
  </testsuite>
  <testsuite name="Component Tests" errors="0" failures="0" skipped="0" timestamp="2021-06-24T16:27:00" time="1.084" tests="1">
    <testcase classname="Component Tests MedioDePagoCheque Management Delete Component confirmDelete Should call delete service on confirmDelete" name="Component Tests MedioDePagoCheque Management Delete Component confirmDelete Should call delete service on confirmDelete" time="0.08">
    </testcase>
  </testsuite>
  <testsuite name="Component Tests" errors="0" failures="0" skipped="0" timestamp="2021-06-24T16:27:01" time="1.093" tests="1">
    <testcase classname="Component Tests PagoTarjeta Management Component Should call load all on init" name="Component Tests PagoTarjeta Management Component Should call load all on init" time="0.066">
    </testcase>
  </testsuite>
  <testsuite name="Component Tests" errors="0" failures="0" skipped="0" timestamp="2021-06-24T16:27:01" time="1.058" tests="1">
    <testcase classname="Component Tests DocumentationType Management Detail Component OnInit Should call load all on init" name="Component Tests DocumentationType Management Detail Component OnInit Should call load all on init" time="0.071">
    </testcase>
  </testsuite>
  <testsuite name="Component Tests" errors="0" failures="0" skipped="0" timestamp="2021-06-24T16:27:02" time="1.213" tests="2">
    <testcase classname="Component Tests CostoOperacion Management Update Component save Should call update service on save for existing entity" name="Component Tests CostoOperacion Management Update Component save Should call update service on save for existing entity" time="0.068">
    </testcase>
    <testcase classname="Component Tests CostoOperacion Management Update Component save Should call create service on save for new entity" name="Component Tests CostoOperacion Management Update Component save Should call create service on save for new entity" time="0.069">
    </testcase>
  </testsuite>
  <testsuite name="Component Tests" errors="0" failures="0" skipped="0" timestamp="2021-06-24T16:27:03" time="1.288" tests="6">
    <testcase classname="Component Tests AuditsComponent today function  should set toDate to current date" name="Component Tests AuditsComponent today function  should set toDate to current date" time="0.051">
    </testcase>
    <testcase classname="Component Tests AuditsComponent previousMonth function  should set fromDate to current date" name="Component Tests AuditsComponent previousMonth function  should set fromDate to current date" time="0.032">
    </testcase>
    <testcase classname="Component Tests AuditsComponent By default, on init should set all default values correctly" name="Component Tests AuditsComponent By default, on init should set all default values correctly" time="0.053">
    </testcase>
    <testcase classname="Component Tests AuditsComponent OnInit Should call load all on init" name="Component Tests AuditsComponent OnInit Should call load all on init" time="0.04">
    </testcase>
    <testcase classname="Component Tests AuditsComponent Create sort object Should sort only by id asc" name="Component Tests AuditsComponent Create sort object Should sort only by id asc" time="0.042">
    </testcase>
    <testcase classname="Component Tests AuditsComponent Create sort object Should sort by timestamp asc then by id" name="Component Tests AuditsComponent Create sort object Should sort by timestamp asc then by id" time="0.037">
    </testcase>
  </testsuite>
  <testsuite name="Component Tests" errors="0" failures="0" skipped="0" timestamp="2021-06-24T16:27:03" time="1.442" tests="6">
    <testcase classname="Component Tests Movimiento Management Component Should call load all on init" name="Component Tests Movimiento Management Component Should call load all on init" time="0.065">
    </testcase>
    <testcase classname="Component Tests Movimiento Management Component should load a page" name="Component Tests Movimiento Management Component should load a page" time="0.064">
    </testcase>
    <testcase classname="Component Tests Movimiento Management Component should not load a page is the page is the same as the previous page" name="Component Tests Movimiento Management Component should not load a page is the page is the same as the previous page" time="0.059">
    </testcase>
    <testcase classname="Component Tests Movimiento Management Component should re-initialize the page" name="Component Tests Movimiento Management Component should re-initialize the page" time="0.063">
    </testcase>
    <testcase classname="Component Tests Movimiento Management Component should calculate the sort attribute for an id" name="Component Tests Movimiento Management Component should calculate the sort attribute for an id" time="0.061">
    </testcase>
    <testcase classname="Component Tests Movimiento Management Component should calculate the sort attribute for a non-id attribute" name="Component Tests Movimiento Management Component should calculate the sort attribute for a non-id attribute" time="0.059">
    </testcase>
  </testsuite>
  <testsuite name="Component Tests" errors="0" failures="0" skipped="0" timestamp="2021-06-24T16:27:04" time="1.138" tests="1">
    <testcase classname="Component Tests MedioDePago Management Component Should call load all on init" name="Component Tests MedioDePago Management Component Should call load all on init" time="0.073">
    </testcase>
  </testsuite>
  <testsuite name="Component Tests" errors="0" failures="0" skipped="0" timestamp="2021-06-24T16:27:05" time="1.103" tests="1">
    <testcase classname="Component Tests FormaDePago Management Component Should call load all on init" name="Component Tests FormaDePago Management Component Should call load all on init" time="0.087">
    </testcase>
  </testsuite>
  <testsuite name="Component Tests" errors="0" failures="0" skipped="0" timestamp="2021-06-24T16:27:05" time="1.082" tests="1">
    <testcase classname="Component Tests Sucursal Management Component Should call load all on init" name="Component Tests Sucursal Management Component Should call load all on init" time="0.073">
    </testcase>
  </testsuite>
  <testsuite name="Component Tests" errors="0" failures="0" skipped="0" timestamp="2021-06-24T16:27:06" time="1.342" tests="6">
    <testcase classname="Component Tests Persona Management Component Should call load all on init" name="Component Tests Persona Management Component Should call load all on init" time="0.059">
    </testcase>
    <testcase classname="Component Tests Persona Management Component should load a page" name="Component Tests Persona Management Component should load a page" time="0.047">
    </testcase>
    <testcase classname="Component Tests Persona Management Component should not load a page is the page is the same as the previous page" name="Component Tests Persona Management Component should not load a page is the page is the same as the previous page" time="0.061">
    </testcase>
    <testcase classname="Component Tests Persona Management Component should re-initialize the page" name="Component Tests Persona Management Component should re-initialize the page" time="0.058">
    </testcase>
    <testcase classname="Component Tests Persona Management Component should calculate the sort attribute for an id" name="Component Tests Persona Management Component should calculate the sort attribute for an id" time="0.041">
    </testcase>
    <testcase classname="Component Tests Persona Management Component should calculate the sort attribute for a non-id attribute" name="Component Tests Persona Management Component should calculate the sort attribute for a non-id attribute" time="0.049">
    </testcase>
  </testsuite>
  <testsuite name="Component Tests" errors="0" failures="0" skipped="0" timestamp="2021-06-24T16:27:06" time="1.087" tests="1">
    <testcase classname="Component Tests EstadoCobranzaOperacion Management Detail Component OnInit Should call load all on init" name="Component Tests EstadoCobranzaOperacion Management Detail Component OnInit Should call load all on init" time="0.064">
    </testcase>
  </testsuite>
  <testsuite name="Component Tests" errors="0" failures="0" skipped="0" timestamp="2021-06-24T16:27:07" time="1.13" tests="2">
    <testcase classname="Component Tests DocumentationType Management Update Component save Should call update service on save for existing entity" name="Component Tests DocumentationType Management Update Component save Should call update service on save for existing entity" time="0.07">
    </testcase>
    <testcase classname="Component Tests DocumentationType Management Update Component save Should call create service on save for new entity" name="Component Tests DocumentationType Management Update Component save Should call create service on save for new entity" time="0.051">
    </testcase>
  </testsuite>
  <testsuite name="Component Tests" errors="0" failures="0" skipped="0" timestamp="2021-06-24T16:27:07" time="1.055" tests="1">
    <testcase classname="Component Tests EstadoArticulo Management Detail Component OnInit Should call load all on init" name="Component Tests EstadoArticulo Management Detail Component OnInit Should call load all on init" time="0.074">
    </testcase>
  </testsuite>
  <testsuite name="Service Tests" errors="0" failures="0" skipped="0" timestamp="2021-06-24T16:27:08" time="1.014" tests="5">
    <testcase classname="Service Tests Proveedor Service Service methods should find an element" name="Service Tests Proveedor Service Service methods should find an element" time="0.036">
    </testcase>
    <testcase classname="Service Tests Proveedor Service Service methods should create a Proveedor" name="Service Tests Proveedor Service Service methods should create a Proveedor" time="0.023">
    </testcase>
    <testcase classname="Service Tests Proveedor Service Service methods should update a Proveedor" name="Service Tests Proveedor Service Service methods should update a Proveedor" time="0.019">
    </testcase>
    <testcase classname="Service Tests Proveedor Service Service methods should return a list of Proveedor" name="Service Tests Proveedor Service Service methods should return a list of Proveedor" time="0.037">
    </testcase>
    <testcase classname="Service Tests Proveedor Service Service methods should delete a Proveedor" name="Service Tests Proveedor Service Service methods should delete a Proveedor" time="0.03">
    </testcase>
  </testsuite>
  <testsuite name="Component Tests" errors="0" failures="0" skipped="0" timestamp="2021-06-24T16:27:08" time="1.091" tests="1">
    <testcase classname="Component Tests Direccion Management Component Should call load all on init" name="Component Tests Direccion Management Component Should call load all on init" time="0.08">
    </testcase>
  </testsuite>
  <testsuite name="Component Tests" errors="0" failures="0" skipped="0" timestamp="2021-06-24T16:27:09" time="1.03" tests="1">
    <testcase classname="Component Tests DetalleMovimiento Management Detail Component OnInit Should call load all on init" name="Component Tests DetalleMovimiento Management Detail Component OnInit Should call load all on init" time="0.066">
    </testcase>
  </testsuite>
  <testsuite name="Component Tests" errors="0" failures="0" skipped="0" timestamp="2021-06-24T16:27:10" time="1.339" tests="6">
    <testcase classname="Component Tests Caja Management Component Should call load all on init" name="Component Tests Caja Management Component Should call load all on init" time="0.075">
    </testcase>
    <testcase classname="Component Tests Caja Management Component should load a page" name="Component Tests Caja Management Component should load a page" time="0.056">
    </testcase>
    <testcase classname="Component Tests Caja Management Component should not load a page is the page is the same as the previous page" name="Component Tests Caja Management Component should not load a page is the page is the same as the previous page" time="0.051">
    </testcase>
    <testcase classname="Component Tests Caja Management Component should re-initialize the page" name="Component Tests Caja Management Component should re-initialize the page" time="0.053">
    </testcase>
    <testcase classname="Component Tests Caja Management Component should calculate the sort attribute for an id" name="Component Tests Caja Management Component should calculate the sort attribute for an id" time="0.051">
    </testcase>
    <testcase classname="Component Tests Caja Management Component should calculate the sort attribute for a non-id attribute" name="Component Tests Caja Management Component should calculate the sort attribute for a non-id attribute" time="0.047">
    </testcase>
  </testsuite>
  <testsuite name="Component Tests" errors="0" failures="0" skipped="0" timestamp="2021-06-24T16:27:10" time="1.202" tests="2">
    <testcase classname="Component Tests User Management Component OnInit Should call load all on init" name="Component Tests User Management Component OnInit Should call load all on init" time="0.057">
    </testcase>
    <testcase classname="Component Tests User Management Component setActive Should update user and call load all" name="Component Tests User Management Component setActive Should update user and call load all" time="0.041">
    </testcase>
  </testsuite>
  <testsuite name="Service Tests" errors="0" failures="0" skipped="0" timestamp="2021-06-24T16:27:11" time="0.933" tests="3">
    <testcase classname="Service Tests Logs Service Service methods should call correct URL" name="Service Tests Logs Service Service methods should call correct URL" time="0.035">
    </testcase>
    <testcase classname="Service Tests Logs Service Service methods should return Metrics" name="Service Tests Logs Service Service methods should return Metrics" time="0.037">
    </testcase>
    <testcase classname="Service Tests Logs Service Service methods should return Thread Dump" name="Service Tests Logs Service Service methods should return Thread Dump" time="0.019">
    </testcase>
  </testsuite>
  <testsuite name="Component Tests" errors="0" failures="0" skipped="0" timestamp="2021-06-24T16:27:12" time="1.199" tests="1">
    <testcase classname="Component Tests CobranzaRepuesto Management Detail Component OnInit Should call load all on init" name="Component Tests CobranzaRepuesto Management Detail Component OnInit Should call load all on init" time="0.112">
    </testcase>
  </testsuite>
  <testsuite name="Component Tests" errors="0" failures="0" skipped="0" timestamp="2021-06-24T16:27:12" time="1.199" tests="1">
    <testcase classname="Component Tests SubCategoria Management Component Should call load all on init" name="Component Tests SubCategoria Management Component Should call load all on init" time="0.079">
    </testcase>
  </testsuite>
  <testsuite name="Component Tests" errors="0" failures="0" skipped="0" timestamp="2021-06-24T16:27:13" time="2.04" tests="5">
    <testcase classname="Component Tests RegisterComponent should ensure the two passwords entered match" name="Component Tests RegisterComponent should ensure the two passwords entered match" time="0.067">
    </testcase>
    <testcase classname="Component Tests RegisterComponent should update success to OK after creating an account" name="Component Tests RegisterComponent should update success to OK after creating an account" time="0.054">
    </testcase>
    <testcase classname="Component Tests RegisterComponent should notify of user existence upon 400/login already in use" name="Component Tests RegisterComponent should notify of user existence upon 400/login already in use" time="0.056">
    </testcase>
    <testcase classname="Component Tests RegisterComponent should notify of email existence upon 400/email address already in use" name="Component Tests RegisterComponent should notify of email existence upon 400/email address already in use" time="0.115">
    </testcase>
    <testcase classname="Component Tests RegisterComponent should notify of generic error" name="Component Tests RegisterComponent should notify of generic error" time="0.397">
    </testcase>
  </testsuite>
  <testsuite name="Component Tests" errors="0" failures="0" skipped="0" timestamp="2021-06-24T16:27:13" time="2.015" tests="6">
    <testcase classname="Component Tests PedidoRepuesto Management Component Should call load all on init" name="Component Tests PedidoRepuesto Management Component Should call load all on init" time="0.135">
    </testcase>
    <testcase classname="Component Tests PedidoRepuesto Management Component should load a page" name="Component Tests PedidoRepuesto Management Component should load a page" time="0.089">
    </testcase>
    <testcase classname="Component Tests PedidoRepuesto Management Component should not load a page is the page is the same as the previous page" name="Component Tests PedidoRepuesto Management Component should not load a page is the page is the same as the previous page" time="0.083">
    </testcase>
    <testcase classname="Component Tests PedidoRepuesto Management Component should re-initialize the page" name="Component Tests PedidoRepuesto Management Component should re-initialize the page" time="0.14">
    </testcase>
    <testcase classname="Component Tests PedidoRepuesto Management Component should calculate the sort attribute for an id" name="Component Tests PedidoRepuesto Management Component should calculate the sort attribute for an id" time="0.055">
    </testcase>
    <testcase classname="Component Tests PedidoRepuesto Management Component should calculate the sort attribute for a non-id attribute" name="Component Tests PedidoRepuesto Management Component should calculate the sort attribute for a non-id attribute" time="0.069">
    </testcase>
  </testsuite>
  <testsuite name="Component Tests" errors="0" failures="0" skipped="0" timestamp="2021-06-24T16:27:15" time="1.402" tests="3">
    <testcase classname="Component Tests User Management Update Component OnInit Should load authorities and language on init" name="Component Tests User Management Update Component OnInit Should load authorities and language on init" time="0.069">
    </testcase>
    <testcase classname="Component Tests User Management Update Component save Should call update service on save for existing user" name="Component Tests User Management Update Component save Should call update service on save for existing user" time="0.052">
    </testcase>
    <testcase classname="Component Tests User Management Update Component save Should call create service on save for new user" name="Component Tests User Management Update Component save Should call create service on save for new user" time="0.055">
    </testcase>
  </testsuite>
  <testsuite name="Component Tests" errors="0" failures="0" skipped="0" timestamp="2021-06-24T16:27:15" time="1.556" tests="2">
    <testcase classname="Component Tests DetalleMovimiento Management Update Component save Should call update service on save for existing entity" name="Component Tests DetalleMovimiento Management Update Component save Should call update service on save for existing entity" time="0.109">
    </testcase>
    <testcase classname="Component Tests DetalleMovimiento Management Update Component save Should call create service on save for new entity" name="Component Tests DetalleMovimiento Management Update Component save Should call create service on save for new entity" time="0.069">
    </testcase>
  </testsuite>
  <testsuite name="Component Tests" errors="0" failures="0" skipped="0" timestamp="2021-06-24T16:27:17" time="1.492" tests="6">
    <testcase classname="Component Tests Articulo Management Component Should call load all on init" name="Component Tests Articulo Management Component Should call load all on init" time="0.074">
    </testcase>
    <testcase classname="Component Tests Articulo Management Component should load a page" name="Component Tests Articulo Management Component should load a page" time="0.047">
    </testcase>
    <testcase classname="Component Tests Articulo Management Component should not load a page is the page is the same as the previous page" name="Component Tests Articulo Management Component should not load a page is the page is the same as the previous page" time="0.041">
    </testcase>
    <testcase classname="Component Tests Articulo Management Component should re-initialize the page" name="Component Tests Articulo Management Component should re-initialize the page" time="0.079">
    </testcase>
    <testcase classname="Component Tests Articulo Management Component should calculate the sort attribute for an id" name="Component Tests Articulo Management Component should calculate the sort attribute for an id" time="0.043">
    </testcase>
    <testcase classname="Component Tests Articulo Management Component should calculate the sort attribute for a non-id attribute" name="Component Tests Articulo Management Component should calculate the sort attribute for a non-id attribute" time="0.058">
    </testcase>
  </testsuite>
  <testsuite name="Component Tests" errors="0" failures="0" skipped="0" timestamp="2021-06-24T16:27:17" time="1.182" tests="2">
    <testcase classname="Component Tests MedioDePagoCheque Management Update Component save Should call update service on save for existing entity" name="Component Tests MedioDePagoCheque Management Update Component save Should call update service on save for existing entity" time="0.094">
    </testcase>
    <testcase classname="Component Tests MedioDePagoCheque Management Update Component save Should call create service on save for new entity" name="Component Tests MedioDePagoCheque Management Update Component save Should call create service on save for new entity" time="0.063">
    </testcase>
  </testsuite>
  <testsuite name="Component Tests" errors="0" failures="0" skipped="0" timestamp="2021-06-24T16:27:18" time="1.048" tests="1">
    <testcase classname="Component Tests EstadoPresupuesto Management Detail Component OnInit Should call load all on init" name="Component Tests EstadoPresupuesto Management Detail Component OnInit Should call load all on init" time="0.076">
    </testcase>
  </testsuite>
  <testsuite name="Component Tests" errors="0" failures="0" skipped="0" timestamp="2021-06-24T16:27:18" time="1.089" tests="1">
    <testcase classname="Component Tests TipoDetalleMovimiento Management Component Should call load all on init" name="Component Tests TipoDetalleMovimiento Management Component Should call load all on init" time="0.084">
    </testcase>
  </testsuite>
  <testsuite name="Service Tests" errors="0" failures="0" skipped="0" timestamp="2021-06-24T16:27:19" time="1.053" tests="5">
    <testcase classname="Service Tests Caja Service Service methods should find an element" name="Service Tests Caja Service Service methods should find an element" time="0.04">
    </testcase>
    <testcase classname="Service Tests Caja Service Service methods should create a Caja" name="Service Tests Caja Service Service methods should create a Caja" time="0.024">
    </testcase>
    <testcase classname="Service Tests Caja Service Service methods should update a Caja" name="Service Tests Caja Service Service methods should update a Caja" time="0.02">
    </testcase>
    <testcase classname="Service Tests Caja Service Service methods should return a list of Caja" name="Service Tests Caja Service Service methods should return a list of Caja" time="0.036">
    </testcase>
    <testcase classname="Service Tests Caja Service Service methods should delete a Caja" name="Service Tests Caja Service Service methods should delete a Caja" time="0.024">
    </testcase>
  </testsuite>
  <testsuite name="Component Tests" errors="0" failures="0" skipped="0" timestamp="2021-06-24T16:27:19" time="1.401" tests="6">
    <testcase classname="Component Tests Presupuesto Management Component Should call load all on init" name="Component Tests Presupuesto Management Component Should call load all on init" time="0.08">
    </testcase>
    <testcase classname="Component Tests Presupuesto Management Component should load a page" name="Component Tests Presupuesto Management Component should load a page" time="0.056">
    </testcase>
    <testcase classname="Component Tests Presupuesto Management Component should not load a page is the page is the same as the previous page" name="Component Tests Presupuesto Management Component should not load a page is the page is the same as the previous page" time="0.067">
    </testcase>
    <testcase classname="Component Tests Presupuesto Management Component should re-initialize the page" name="Component Tests Presupuesto Management Component should re-initialize the page" time="0.045">
    </testcase>
    <testcase classname="Component Tests Presupuesto Management Component should calculate the sort attribute for an id" name="Component Tests Presupuesto Management Component should calculate the sort attribute for an id" time="0.049">
    </testcase>
    <testcase classname="Component Tests Presupuesto Management Component should calculate the sort attribute for a non-id attribute" name="Component Tests Presupuesto Management Component should calculate the sort attribute for a non-id attribute" time="0.063">
    </testcase>
  </testsuite>
  <testsuite name="Component Tests" errors="0" failures="0" skipped="0" timestamp="2021-06-24T16:27:20" time="1.229" tests="2">
    <testcase classname="Component Tests EstadoArticulo Management Update Component save Should call update service on save for existing entity" name="Component Tests EstadoArticulo Management Update Component save Should call update service on save for existing entity" time="0.09">
    </testcase>
    <testcase classname="Component Tests EstadoArticulo Management Update Component save Should call create service on save for new entity" name="Component Tests EstadoArticulo Management Update Component save Should call create service on save for new entity" time="0.069">
    </testcase>
  </testsuite>
  <testsuite name="Component Tests" errors="0" failures="0" skipped="0" timestamp="2021-06-24T16:27:21" time="1.078" tests="1">
    <testcase classname="Component Tests TipoParteMotor Management Detail Component OnInit Should call load all on init" name="Component Tests TipoParteMotor Management Detail Component OnInit Should call load all on init" time="0.057">
    </testcase>
  </testsuite>
  <testsuite name="Component Tests" errors="0" failures="0" skipped="0" timestamp="2021-06-24T16:27:22" time="1.366" tests="3">
    <testcase classname="Component Tests LogsComponent OnInit should set all default values correctly" name="Component Tests LogsComponent OnInit should set all default values correctly" time="0.05">
    </testcase>
    <testcase classname="Component Tests LogsComponent OnInit Should call load all on init" name="Component Tests LogsComponent OnInit Should call load all on init" time="0.044">
    </testcase>
    <testcase classname="Component Tests LogsComponent change log level should change log level correctly" name="Component Tests LogsComponent change log level should change log level correctly" time="0.049">
    </testcase>
  </testsuite>
  <testsuite name="Component Tests" errors="0" failures="0" skipped="0" timestamp="2021-06-24T16:27:22" time="1.443" tests="1">
    <testcase classname="Component Tests Motor Management Delete Component confirmDelete Should call delete service on confirmDelete" name="Component Tests Motor Management Delete Component confirmDelete Should call delete service on confirmDelete" time="0.06">
    </testcase>
  </testsuite>
  <testsuite name="Component Tests" errors="0" failures="0" skipped="0" timestamp="2021-06-24T16:27:23" time="1.226" tests="2">
    <testcase classname="Component Tests Movimiento Management Update Component save Should call update service on save for existing entity" name="Component Tests Movimiento Management Update Component save Should call update service on save for existing entity" time="0.073">
    </testcase>
    <testcase classname="Component Tests Movimiento Management Update Component save Should call create service on save for new entity" name="Component Tests Movimiento Management Update Component save Should call create service on save for new entity" time="0.059">
    </testcase>
  </testsuite>
  <testsuite name="Component Tests" errors="0" failures="0" skipped="0" timestamp="2021-06-24T16:27:23" time="1.201" tests="2">
    <testcase classname="Component Tests MovimientoPedido Management Update Component save Should call update service on save for existing entity" name="Component Tests MovimientoPedido Management Update Component save Should call update service on save for existing entity" time="0.077">
    </testcase>
    <testcase classname="Component Tests MovimientoPedido Management Update Component save Should call create service on save for new entity" name="Component Tests MovimientoPedido Management Update Component save Should call create service on save for new entity" time="0.051">
    </testcase>
  </testsuite>
  <testsuite name="Component Tests" errors="0" failures="0" skipped="0" timestamp="2021-06-24T16:27:24" time="1.112" tests="1">
    <testcase classname="Component Tests MedioDePagoCheque Management Component Should call load all on init" name="Component Tests MedioDePagoCheque Management Component Should call load all on init" time="0.073">
    </testcase>
  </testsuite>
  <testsuite name="Component Tests" errors="0" failures="0" skipped="0" timestamp="2021-06-24T16:27:25" time="1.108" tests="1">
    <testcase classname="Component Tests Rubro Management Delete Component confirmDelete Should call delete service on confirmDelete" name="Component Tests Rubro Management Delete Component confirmDelete Should call delete service on confirmDelete" time="0.104">
    </testcase>
  </testsuite>
  <testsuite name="Component Tests" errors="0" failures="0" skipped="0" timestamp="2021-06-24T16:27:25" time="1.074" tests="1">
    <testcase classname="Component Tests MovimientoArticulo Management Detail Component OnInit Should call load all on init" name="Component Tests MovimientoArticulo Management Detail Component OnInit Should call load all on init" time="0.07">
    </testcase>
  </testsuite>
  <testsuite name="Component Tests" errors="0" failures="0" skipped="0" timestamp="2021-06-24T16:27:26" time="1.249" tests="2">
    <testcase classname="Component Tests CostoRepuestoProveedor Management Update Component save Should call update service on save for existing entity" name="Component Tests CostoRepuestoProveedor Management Update Component save Should call update service on save for existing entity" time="0.064">
    </testcase>
    <testcase classname="Component Tests CostoRepuestoProveedor Management Update Component save Should call create service on save for new entity" name="Component Tests CostoRepuestoProveedor Management Update Component save Should call create service on save for new entity" time="0.09">
    </testcase>
  </testsuite>
  <testsuite name="Component Tests" errors="0" failures="0" skipped="0" timestamp="2021-06-24T16:27:26" time="1.108" tests="1">
    <testcase classname="Component Tests Empleado Management Delete Component confirmDelete Should call delete service on confirmDelete" name="Component Tests Empleado Management Delete Component confirmDelete Should call delete service on confirmDelete" time="0.09">
    </testcase>
  </testsuite>
  <testsuite name="Component Tests" errors="0" failures="0" skipped="0" timestamp="2021-06-24T16:27:27" time="1.189" tests="4">
    <testcase classname="Component Tests PasswordComponent should show error if passwords do not match" name="Component Tests PasswordComponent should show error if passwords do not match" time="0.05">
    </testcase>
    <testcase classname="Component Tests PasswordComponent should call Auth.changePassword when passwords match" name="Component Tests PasswordComponent should call Auth.changePassword when passwords match" time="0.047">
    </testcase>
    <testcase classname="Component Tests PasswordComponent should set success to OK upon success" name="Component Tests PasswordComponent should set success to OK upon success" time="0.029">
    </testcase>
    <testcase classname="Component Tests PasswordComponent should notify of error if change password fails" name="Component Tests PasswordComponent should notify of error if change password fails" time="0.047">
    </testcase>
  </testsuite>
  <testsuite name="Component Tests" errors="0" failures="0" skipped="0" timestamp="2021-06-24T16:27:28" time="1.109" tests="1">
    <testcase classname="Component Tests Cliente Management Delete Component confirmDelete Should call delete service on confirmDelete" name="Component Tests Cliente Management Delete Component confirmDelete Should call delete service on confirmDelete" time="0.091">
    </testcase>
  </testsuite>
  <testsuite name="Component Tests" errors="0" failures="0" skipped="0" timestamp="2021-06-24T16:27:28" time="1.222" tests="5">
    <testcase classname="Component Tests PasswordResetFinishComponent should define its initial state" name="Component Tests PasswordResetFinishComponent should define its initial state" time="0.042">
    </testcase>
    <testcase classname="Component Tests PasswordResetFinishComponent sets focus after the view has been initialized" name="Component Tests PasswordResetFinishComponent sets focus after the view has been initialized" time="0.03">
    </testcase>
    <testcase classname="Component Tests PasswordResetFinishComponent should ensure the two passwords entered match" name="Component Tests PasswordResetFinishComponent should ensure the two passwords entered match" time="0.028">
    </testcase>
    <testcase classname="Component Tests PasswordResetFinishComponent should update success to OK after resetting password" name="Component Tests PasswordResetFinishComponent should update success to OK after resetting password" time="0.031">
    </testcase>
    <testcase classname="Component Tests PasswordResetFinishComponent should notify of generic error" name="Component Tests PasswordResetFinishComponent should notify of generic error" time="0.063">
    </testcase>
  </testsuite>
  <testsuite name="Component Tests" errors="0" failures="0" skipped="0" timestamp="2021-06-24T16:27:29" time="1.094" tests="1">
    <testcase classname="Component Tests TipoMovimiento Management Component Should call load all on init" name="Component Tests TipoMovimiento Management Component Should call load all on init" time="0.059">
    </testcase>
  </testsuite>
  <testsuite name="Component Tests" errors="0" failures="0" skipped="0" timestamp="2021-06-24T16:27:30" time="1.184" tests="2">
    <testcase classname="Component Tests Direccion Management Update Component save Should call update service on save for existing entity" name="Component Tests Direccion Management Update Component save Should call update service on save for existing entity" time="0.09">
    </testcase>
    <testcase classname="Component Tests Direccion Management Update Component save Should call create service on save for new entity" name="Component Tests Direccion Management Update Component save Should call create service on save for new entity" time="0.066">
    </testcase>
  </testsuite>
  <testsuite name="Component Tests" errors="0" failures="0" skipped="0" timestamp="2021-06-24T16:27:30" time="1.214" tests="2">
    <testcase classname="Component Tests CobranzaRepuesto Management Update Component save Should call update service on save for existing entity" name="Component Tests CobranzaRepuesto Management Update Component save Should call update service on save for existing entity" time="0.077">
    </testcase>
    <testcase classname="Component Tests CobranzaRepuesto Management Update Component save Should call create service on save for new entity" name="Component Tests CobranzaRepuesto Management Update Component save Should call create service on save for new entity" time="0.062">
    </testcase>
  </testsuite>
  <testsuite name="Component Tests" errors="0" failures="0" skipped="0" timestamp="2021-06-24T16:27:31" time="1.221" tests="2">
    <testcase classname="Component Tests Persona Management Update Component save Should call update service on save for existing entity" name="Component Tests Persona Management Update Component save Should call update service on save for existing entity" time="0.061">
    </testcase>
    <testcase classname="Component Tests Persona Management Update Component save Should call create service on save for new entity" name="Component Tests Persona Management Update Component save Should call create service on save for new entity" time="0.074">
    </testcase>
  </testsuite>
  <testsuite name="Component Tests" errors="0" failures="0" skipped="0" timestamp="2021-06-24T16:27:31" time="1.12" tests="1">
    <testcase classname="Component Tests MovimientoPedido Management Delete Component confirmDelete Should call delete service on confirmDelete" name="Component Tests MovimientoPedido Management Delete Component confirmDelete Should call delete service on confirmDelete" time="0.102">
    </testcase>
  </testsuite>
  <testsuite name="Service Tests" errors="0" failures="0" skipped="0" timestamp="2021-06-24T16:27:32" time="0.976" tests="5">
    <testcase classname="Service Tests Localidad Service Service methods should find an element" name="Service Tests Localidad Service Service methods should find an element" time="0.039">
    </testcase>
    <testcase classname="Service Tests Localidad Service Service methods should create a Localidad" name="Service Tests Localidad Service Service methods should create a Localidad" time="0.021">
    </testcase>
    <testcase classname="Service Tests Localidad Service Service methods should update a Localidad" name="Service Tests Localidad Service Service methods should update a Localidad" time="0.024">
    </testcase>
    <testcase classname="Service Tests Localidad Service Service methods should return a list of Localidad" name="Service Tests Localidad Service Service methods should return a list of Localidad" time="0.022">
    </testcase>
    <testcase classname="Service Tests Localidad Service Service methods should delete a Localidad" name="Service Tests Localidad Service Service methods should delete a Localidad" time="0.016">
    </testcase>
  </testsuite>
  <testsuite name="Component Tests" errors="0" failures="0" skipped="0" timestamp="2021-06-24T16:27:33" time="1.381" tests="2">
    <testcase classname="Component Tests CostoRepuesto Management Update Component save Should call update service on save for existing entity" name="Component Tests CostoRepuesto Management Update Component save Should call update service on save for existing entity" time="0.077">
    </testcase>
    <testcase classname="Component Tests CostoRepuesto Management Update Component save Should call create service on save for new entity" name="Component Tests CostoRepuesto Management Update Component save Should call create service on save for new entity" time="0.057">
    </testcase>
  </testsuite>
  <testsuite name="Component Tests" errors="0" failures="0" skipped="0" timestamp="2021-06-24T16:27:34" time="1.241" tests="2">
    <testcase classname="Component Tests DetallePresupuesto Management Update Component save Should call update service on save for existing entity" name="Component Tests DetallePresupuesto Management Update Component save Should call update service on save for existing entity" time="0.079">
    </testcase>
    <testcase classname="Component Tests DetallePresupuesto Management Update Component save Should call create service on save for new entity" name="Component Tests DetallePresupuesto Management Update Component save Should call create service on save for new entity" time="0.053">
    </testcase>
  </testsuite>
  <testsuite name="Service Tests" errors="0" failures="0" skipped="0" timestamp="2021-06-24T16:27:35" time="1.04" tests="5">
    <testcase classname="Service Tests PagoCheque Service Service methods should find an element" name="Service Tests PagoCheque Service Service methods should find an element" time="0.025">
    </testcase>
    <testcase classname="Service Tests PagoCheque Service Service methods should create a PagoCheque" name="Service Tests PagoCheque Service Service methods should create a PagoCheque" time="0.026">
    </testcase>
    <testcase classname="Service Tests PagoCheque Service Service methods should update a PagoCheque" name="Service Tests PagoCheque Service Service methods should update a PagoCheque" time="0.028">
    </testcase>
    <testcase classname="Service Tests PagoCheque Service Service methods should return a list of PagoCheque" name="Service Tests PagoCheque Service Service methods should return a list of PagoCheque" time="0.022">
    </testcase>
    <testcase classname="Service Tests PagoCheque Service Service methods should delete a PagoCheque" name="Service Tests PagoCheque Service Service methods should delete a PagoCheque" time="0.019">
    </testcase>
  </testsuite>
  <testsuite name="Component Tests" errors="0" failures="0" skipped="0" timestamp="2021-06-24T16:27:35" time="1.086" tests="1">
    <testcase classname="Component Tests Motor Management Detail Component OnInit Should call load all on init" name="Component Tests Motor Management Detail Component OnInit Should call load all on init" time="0.063">
    </testcase>
  </testsuite>
  <testsuite name="Component Tests" errors="0" failures="0" skipped="0" timestamp="2021-06-24T16:27:36" time="1.043" tests="1">
    <testcase classname="Component Tests Persona Management Delete Component confirmDelete Should call delete service on confirmDelete" name="Component Tests Persona Management Delete Component confirmDelete Should call delete service on confirmDelete" time="0.073">
    </testcase>
  </testsuite>
  <testsuite name="Component Tests" errors="0" failures="0" skipped="0" timestamp="2021-06-24T16:27:36" time="1.045" tests="1">
    <testcase classname="Component Tests MedioDePagoCheque Management Detail Component OnInit Should call load all on init" name="Component Tests MedioDePagoCheque Management Detail Component OnInit Should call load all on init" time="0.081">
    </testcase>
  </testsuite>
  <testsuite name="Component Tests" errors="0" failures="0" skipped="0" timestamp="2021-06-24T16:27:37" time="1.167" tests="2">
    <testcase classname="Component Tests MovimientoPresupuesto Management Update Component save Should call update service on save for existing entity" name="Component Tests MovimientoPresupuesto Management Update Component save Should call update service on save for existing entity" time="0.061">
    </testcase>
    <testcase classname="Component Tests MovimientoPresupuesto Management Update Component save Should call create service on save for new entity" name="Component Tests MovimientoPresupuesto Management Update Component save Should call create service on save for new entity" time="0.066">
    </testcase>
  </testsuite>
  <testsuite name="Component Tests" errors="0" failures="0" skipped="0" timestamp="2021-06-24T16:27:37" time="1.189" tests="3">
    <testcase classname="Component Tests ActivateComponent calls activate.get with the key from params" name="Component Tests ActivateComponent calls activate.get with the key from params" time="0.045">
    </testcase>
    <testcase classname="Component Tests ActivateComponent should set set success to OK upon successful activation" name="Component Tests ActivateComponent should set set success to OK upon successful activation" time="0.047">
    </testcase>
    <testcase classname="Component Tests ActivateComponent should set set error to ERROR upon activation failure" name="Component Tests ActivateComponent should set set error to ERROR upon activation failure" time="0.042">
    </testcase>
  </testsuite>
  <testsuite name="Component Tests" errors="0" failures="0" skipped="0" timestamp="2021-06-24T16:27:38" time="1.067" tests="1">
    <testcase classname="Component Tests CostoOperacion Management Component Should call load all on init" name="Component Tests CostoOperacion Management Component Should call load all on init" time="0.06">
    </testcase>
  </testsuite>
  <testsuite name="Component Tests" errors="0" failures="0" skipped="0" timestamp="2021-06-24T16:27:39" time="1.235" tests="2">
    <testcase classname="Component Tests MovimientoArticulo Management Update Component save Should call update service on save for existing entity" name="Component Tests MovimientoArticulo Management Update Component save Should call update service on save for existing entity" time="0.1">
    </testcase>
    <testcase classname="Component Tests MovimientoArticulo Management Update Component save Should call create service on save for new entity" name="Component Tests MovimientoArticulo Management Update Component save Should call create service on save for new entity" time="0.056">
    </testcase>
  </testsuite>
  <testsuite name="Component Tests" errors="0" failures="0" skipped="0" timestamp="2021-06-24T16:27:39" time="1.11" tests="1">
    <testcase classname="Component Tests Banco Management Detail Component OnInit Should call load all on init" name="Component Tests Banco Management Detail Component OnInit Should call load all on init" time="0.062">
    </testcase>
  </testsuite>
  <testsuite name="Component Tests" errors="0" failures="0" skipped="0" timestamp="2021-06-24T16:27:40" time="1.443" tests="2">
    <testcase classname="Component Tests Presupuesto Management Update Component save Should call update service on save for existing entity" name="Component Tests Presupuesto Management Update Component save Should call update service on save for existing entity" time="0.087">
    </testcase>
    <testcase classname="Component Tests Presupuesto Management Update Component save Should call create service on save for new entity" name="Component Tests Presupuesto Management Update Component save Should call create service on save for new entity" time="0.052">
    </testcase>
  </testsuite>
  <testsuite name="Component Tests" errors="0" failures="0" skipped="0" timestamp="2021-06-24T16:27:40" time="1.637" tests="2">
    <testcase classname="Component Tests PagoCheque Management Update Component save Should call update service on save for existing entity" name="Component Tests PagoCheque Management Update Component save Should call update service on save for existing entity" time="0.078">
    </testcase>
    <testcase classname="Component Tests PagoCheque Management Update Component save Should call create service on save for new entity" name="Component Tests PagoCheque Management Update Component save Should call create service on save for new entity" time="0.064">
    </testcase>
  </testsuite>
  <testsuite name="Service Tests" errors="0" failures="0" skipped="0" timestamp="2021-06-24T16:27:41" time="1.113" tests="5">
    <testcase classname="Service Tests Banco Service Service methods should find an element" name="Service Tests Banco Service Service methods should find an element" time="0.036">
    </testcase>
    <testcase classname="Service Tests Banco Service Service methods should create a Banco" name="Service Tests Banco Service Service methods should create a Banco" time="0.129">
    </testcase>
    <testcase classname="Service Tests Banco Service Service methods should update a Banco" name="Service Tests Banco Service Service methods should update a Banco" time="0.02">
    </testcase>
    <testcase classname="Service Tests Banco Service Service methods should return a list of Banco" name="Service Tests Banco Service Service methods should return a list of Banco" time="0.025">
    </testcase>
    <testcase classname="Service Tests Banco Service Service methods should delete a Banco" name="Service Tests Banco Service Service methods should delete a Banco" time="0.015">
    </testcase>
  </testsuite>
  <testsuite name="Component Tests" errors="0" failures="0" skipped="0" timestamp="2021-06-24T16:27:42" time="1.124" tests="1">
    <testcase classname="Component Tests EstadoPedidoRepuesto Management Delete Component confirmDelete Should call delete service on confirmDelete" name="Component Tests EstadoPedidoRepuesto Management Delete Component confirmDelete Should call delete service on confirmDelete" time="0.077">
    </testcase>
  </testsuite>
  <testsuite name="Component Tests" errors="0" failures="0" skipped="0" timestamp="2021-06-24T16:27:43" time="1.325" tests="2">
    <testcase classname="Component Tests TipoRepuesto Management Update Component save Should call update service on save for existing entity" name="Component Tests TipoRepuesto Management Update Component save Should call update service on save for existing entity" time="0.073">
    </testcase>
    <testcase classname="Component Tests TipoRepuesto Management Update Component save Should call create service on save for new entity" name="Component Tests TipoRepuesto Management Update Component save Should call create service on save for new entity" time="0.075">
    </testcase>
  </testsuite>
  <testsuite name="Component Tests" errors="0" failures="0" skipped="0" timestamp="2021-06-24T16:27:43" time="1.32" tests="2">
    <testcase classname="Component Tests StockArticulo Management Update Component save Should call update service on save for existing entity" name="Component Tests StockArticulo Management Update Component save Should call update service on save for existing entity" time="0.089">
    </testcase>
    <testcase classname="Component Tests StockArticulo Management Update Component save Should call create service on save for new entity" name="Component Tests StockArticulo Management Update Component save Should call create service on save for new entity" time="0.047">
    </testcase>
  </testsuite>
  <testsuite name="Component Tests" errors="0" failures="0" skipped="0" timestamp="2021-06-24T16:27:44" time="1.121" tests="1">
    <testcase classname="Component Tests ListaPrecioDesdeHasta Management Component Should call load all on init" name="Component Tests ListaPrecioDesdeHasta Management Component Should call load all on init" time="0.058">
    </testcase>
  </testsuite>
  <testsuite name="Component Tests" errors="0" failures="0" skipped="0" timestamp="2021-06-24T16:27:45" time="1.086" tests="1">
    <testcase classname="Component Tests Marca Management Delete Component confirmDelete Should call delete service on confirmDelete" name="Component Tests Marca Management Delete Component confirmDelete Should call delete service on confirmDelete" time="0.095">
    </testcase>
  </testsuite>
  <testsuite name="Component Tests" errors="0" failures="0" skipped="0" timestamp="2021-06-24T16:27:45" time="1.188" tests="2">
    <testcase classname="Component Tests HistorialPrecio Management Update Component save Should call update service on save for existing entity" name="Component Tests HistorialPrecio Management Update Component save Should call update service on save for existing entity" time="0.086">
    </testcase>
    <testcase classname="Component Tests HistorialPrecio Management Update Component save Should call create service on save for new entity" name="Component Tests HistorialPrecio Management Update Component save Should call create service on save for new entity" time="0.06">
    </testcase>
  </testsuite>
  <testsuite name="Component Tests" errors="0" failures="0" skipped="0" timestamp="2021-06-24T16:27:46" time="1.185" tests="2">
    <testcase classname="Component Tests MedioDePago Management Update Component save Should call update service on save for existing entity" name="Component Tests MedioDePago Management Update Component save Should call update service on save for existing entity" time="0.07">
    </testcase>
    <testcase classname="Component Tests MedioDePago Management Update Component save Should call create service on save for new entity" name="Component Tests MedioDePago Management Update Component save Should call create service on save for new entity" time="0.059">
    </testcase>
  </testsuite>
  <testsuite name="Service Tests" errors="0" failures="0" skipped="0" timestamp="2021-06-24T16:27:46" time="1.04" tests="5">
    <testcase classname="Service Tests PedidoRepuesto Service Service methods should find an element" name="Service Tests PedidoRepuesto Service Service methods should find an element" time="0.029">
    </testcase>
    <testcase classname="Service Tests PedidoRepuesto Service Service methods should create a PedidoRepuesto" name="Service Tests PedidoRepuesto Service Service methods should create a PedidoRepuesto" time="0.021">
    </testcase>
    <testcase classname="Service Tests PedidoRepuesto Service Service methods should update a PedidoRepuesto" name="Service Tests PedidoRepuesto Service Service methods should update a PedidoRepuesto" time="0.024">
    </testcase>
    <testcase classname="Service Tests PedidoRepuesto Service Service methods should return a list of PedidoRepuesto" name="Service Tests PedidoRepuesto Service Service methods should return a list of PedidoRepuesto" time="0.027">
    </testcase>
    <testcase classname="Service Tests PedidoRepuesto Service Service methods should delete a PedidoRepuesto" name="Service Tests PedidoRepuesto Service Service methods should delete a PedidoRepuesto" time="0.033">
    </testcase>
  </testsuite>
  <testsuite name="Component Tests" errors="0" failures="0" skipped="0" timestamp="2021-06-24T16:27:47" time="1.14" tests="2">
    <testcase classname="Component Tests PagoTarjeta Management Update Component save Should call update service on save for existing entity" name="Component Tests PagoTarjeta Management Update Component save Should call update service on save for existing entity" time="0.083">
    </testcase>
    <testcase classname="Component Tests PagoTarjeta Management Update Component save Should call create service on save for new entity" name="Component Tests PagoTarjeta Management Update Component save Should call create service on save for new entity" time="0.051">
    </testcase>
  </testsuite>
  <testsuite name="Component Tests" errors="0" failures="0" skipped="0" timestamp="2021-06-24T16:27:47" time="1.18" tests="2">
    <testcase classname="Component Tests PedidoRepuesto Management Update Component save Should call update service on save for existing entity" name="Component Tests PedidoRepuesto Management Update Component save Should call update service on save for existing entity" time="0.061">
    </testcase>
    <testcase classname="Component Tests PedidoRepuesto Management Update Component save Should call create service on save for new entity" name="Component Tests PedidoRepuesto Management Update Component save Should call create service on save for new entity" time="0.065">
    </testcase>
  </testsuite>
  <testsuite name="Component Tests" errors="0" failures="0" skipped="0" timestamp="2021-06-24T16:27:48" time="1.176" tests="2">
    <testcase classname="Component Tests Empleado Management Update Component save Should call update service on save for existing entity" name="Component Tests Empleado Management Update Component save Should call update service on save for existing entity" time="0.068">
    </testcase>
    <testcase classname="Component Tests Empleado Management Update Component save Should call create service on save for new entity" name="Component Tests Empleado Management Update Component save Should call create service on save for new entity" time="0.074">
    </testcase>
  </testsuite>
  <testsuite name="Component Tests" errors="0" failures="0" skipped="0" timestamp="2021-06-24T16:27:49" time="1.161" tests="2">
    <testcase classname="Component Tests EstadoCostoRepuesto Management Update Component save Should call update service on save for existing entity" name="Component Tests EstadoCostoRepuesto Management Update Component save Should call update service on save for existing entity" time="0.09">
    </testcase>
    <testcase classname="Component Tests EstadoCostoRepuesto Management Update Component save Should call create service on save for new entity" name="Component Tests EstadoCostoRepuesto Management Update Component save Should call create service on save for new entity" time="0.049">
    </testcase>
  </testsuite>
  <testsuite name="Service Tests" errors="0" failures="0" skipped="0" timestamp="2021-06-24T16:27:49" time="0.992" tests="5">
    <testcase classname="Service Tests Articulo Service Service methods should find an element" name="Service Tests Articulo Service Service methods should find an element" time="0.027">
    </testcase>
    <testcase classname="Service Tests Articulo Service Service methods should create a Articulo" name="Service Tests Articulo Service Service methods should create a Articulo" time="0.025">
    </testcase>
    <testcase classname="Service Tests Articulo Service Service methods should update a Articulo" name="Service Tests Articulo Service Service methods should update a Articulo" time="0.018">
    </testcase>
    <testcase classname="Service Tests Articulo Service Service methods should return a list of Articulo" name="Service Tests Articulo Service Service methods should return a list of Articulo" time="0.021">
    </testcase>
    <testcase classname="Service Tests Articulo Service Service methods should delete a Articulo" name="Service Tests Articulo Service Service methods should delete a Articulo" time="0.017">
    </testcase>
  </testsuite>
  <testsuite name="Component Tests" errors="0" failures="0" skipped="0" timestamp="2021-06-24T16:27:50" time="1.166" tests="2">
    <testcase classname="Component Tests Rubro Management Update Component save Should call update service on save for existing entity" name="Component Tests Rubro Management Update Component save Should call update service on save for existing entity" time="0.097">
    </testcase>
    <testcase classname="Component Tests Rubro Management Update Component save Should call create service on save for new entity" name="Component Tests Rubro Management Update Component save Should call create service on save for new entity" time="0.04">
    </testcase>
  </testsuite>
  <testsuite name="Component Tests" errors="0" failures="0" skipped="0" timestamp="2021-06-24T16:27:50" time="1.087" tests="1">
    <testcase classname="Component Tests MovimientoPresupuesto Management Delete Component confirmDelete Should call delete service on confirmDelete" name="Component Tests MovimientoPresupuesto Management Delete Component confirmDelete Should call delete service on confirmDelete" time="0.089">
    </testcase>
  </testsuite>
  <testsuite name="Component Tests" errors="0" failures="0" skipped="0" timestamp="2021-06-24T16:27:51" time="1.232" tests="2">
    <testcase classname="Component Tests CobranzaOperacion Management Update Component save Should call update service on save for existing entity" name="Component Tests CobranzaOperacion Management Update Component save Should call update service on save for existing entity" time="0.062">
    </testcase>
    <testcase classname="Component Tests CobranzaOperacion Management Update Component save Should call create service on save for new entity" name="Component Tests CobranzaOperacion Management Update Component save Should call create service on save for new entity" time="0.085">
    </testcase>
  </testsuite>
  <testsuite name="Component Tests" errors="0" failures="0" skipped="0" timestamp="2021-06-24T16:27:52" time="1.152" tests="2">
    <testcase classname="Component Tests DetallePedido Management Update Component save Should call update service on save for existing entity" name="Component Tests DetallePedido Management Update Component save Should call update service on save for existing entity" time="0.063">
    </testcase>
    <testcase classname="Component Tests DetallePedido Management Update Component save Should call create service on save for new entity" name="Component Tests DetallePedido Management Update Component save Should call create service on save for new entity" time="0.051">
    </testcase>
  </testsuite>
  <testsuite name="Component Tests" errors="0" failures="0" skipped="0" timestamp="2021-06-24T16:27:52" time="1.146" tests="2">
    <testcase classname="Component Tests EstadoPedidoRepuesto Management Update Component save Should call update service on save for existing entity" name="Component Tests EstadoPedidoRepuesto Management Update Component save Should call update service on save for existing entity" time="0.068">
    </testcase>
    <testcase classname="Component Tests EstadoPedidoRepuesto Management Update Component save Should call create service on save for new entity" name="Component Tests EstadoPedidoRepuesto Management Update Component save Should call create service on save for new entity" time="0.052">
    </testcase>
  </testsuite>
  <testsuite name="Service Tests" errors="0" failures="0" skipped="0" timestamp="2021-06-24T16:27:53" time="1.01" tests="5">
    <testcase classname="Service Tests Marca Service Service methods should find an element" name="Service Tests Marca Service Service methods should find an element" time="0.025">
    </testcase>
    <testcase classname="Service Tests Marca Service Service methods should create a Marca" name="Service Tests Marca Service Service methods should create a Marca" time="0.024">
    </testcase>
    <testcase classname="Service Tests Marca Service Service methods should update a Marca" name="Service Tests Marca Service Service methods should update a Marca" time="0.04">
    </testcase>
    <testcase classname="Service Tests Marca Service Service methods should return a list of Marca" name="Service Tests Marca Service Service methods should return a list of Marca" time="0.018">
    </testcase>
    <testcase classname="Service Tests Marca Service Service methods should delete a Marca" name="Service Tests Marca Service Service methods should delete a Marca" time="0.026">
    </testcase>
  </testsuite>
  <testsuite name="Component Tests" errors="0" failures="0" skipped="0" timestamp="2021-06-24T16:27:53" time="1.075" tests="1">
    <testcase classname="Component Tests TipoMovimiento Management Detail Component OnInit Should call load all on init" name="Component Tests TipoMovimiento Management Detail Component OnInit Should call load all on init" time="0.093">
    </testcase>
  </testsuite>
  <testsuite name="Component Tests" errors="0" failures="0" skipped="0" timestamp="2021-06-24T16:27:54" time="1.136" tests="2">
    <testcase classname="Component Tests Localidad Management Update Component save Should call update service on save for existing entity" name="Component Tests Localidad Management Update Component save Should call update service on save for existing entity" time="0.071">
    </testcase>
    <testcase classname="Component Tests Localidad Management Update Component save Should call create service on save for new entity" name="Component Tests Localidad Management Update Component save Should call create service on save for new entity" time="0.051">
    </testcase>
  </testsuite>
  <testsuite name="Component Tests" errors="0" failures="0" skipped="0" timestamp="2021-06-24T16:27:55" time="1.172" tests="2">
    <testcase classname="Component Tests EstadoDetallePedido Management Update Component save Should call update service on save for existing entity" name="Component Tests EstadoDetallePedido Management Update Component save Should call update service on save for existing entity" time="0.067">
    </testcase>
    <testcase classname="Component Tests EstadoDetallePedido Management Update Component save Should call create service on save for new entity" name="Component Tests EstadoDetallePedido Management Update Component save Should call create service on save for new entity" time="0.054">
    </testcase>
  </testsuite>
  <testsuite name="Component Tests" errors="0" failures="0" skipped="0" timestamp="2021-06-24T16:27:55" time="1.219" tests="2">
    <testcase classname="Component Tests Operacion Management Update Component save Should call update service on save for existing entity" name="Component Tests Operacion Management Update Component save Should call update service on save for existing entity" time="0.073">
    </testcase>
    <testcase classname="Component Tests Operacion Management Update Component save Should call create service on save for new entity" name="Component Tests Operacion Management Update Component save Should call create service on save for new entity" time="0.048">
    </testcase>
  </testsuite>
  <testsuite name="Component Tests" errors="0" failures="0" skipped="0" timestamp="2021-06-24T16:27:56" time="1.215" tests="2">
    <testcase classname="Component Tests PagoEfectivo Management Update Component save Should call update service on save for existing entity" name="Component Tests PagoEfectivo Management Update Component save Should call update service on save for existing entity" time="0.074">
    </testcase>
    <testcase classname="Component Tests PagoEfectivo Management Update Component save Should call create service on save for new entity" name="Component Tests PagoEfectivo Management Update Component save Should call create service on save for new entity" time="0.061">
    </testcase>
  </testsuite>
  <testsuite name="Component Tests" errors="0" failures="0" skipped="0" timestamp="2021-06-24T16:27:56" time="1.361" tests="1">
    <testcase classname="Component Tests Operacion Management Component Should call load all on init" name="Component Tests Operacion Management Component Should call load all on init" time="0.104">
    </testcase>
  </testsuite>
  <testsuite name="Component Tests" errors="0" failures="0" skipped="0" timestamp="2021-06-24T16:27:58" time="1.252" tests="2">
    <testcase classname="Component Tests Proveedor Management Update Component save Should call update service on save for existing entity" name="Component Tests Proveedor Management Update Component save Should call update service on save for existing entity" time="0.076">
    </testcase>
    <testcase classname="Component Tests Proveedor Management Update Component save Should call create service on save for new entity" name="Component Tests Proveedor Management Update Component save Should call create service on save for new entity" time="0.052">
    </testcase>
  </testsuite>
  <testsuite name="Component Tests" errors="0" failures="0" skipped="0" timestamp="2021-06-24T16:27:57" time="1.979" tests="2">
    <testcase classname="Component Tests Articulo Management Update Component save Should call update service on save for existing entity" name="Component Tests Articulo Management Update Component save Should call update service on save for existing entity" time="0.086">
    </testcase>
    <testcase classname="Component Tests Articulo Management Update Component save Should call create service on save for new entity" name="Component Tests Articulo Management Update Component save Should call create service on save for new entity" time="0.096">
    </testcase>
  </testsuite>
  <testsuite name="Component Tests" errors="0" failures="0" skipped="0" timestamp="2021-06-24T16:27:59" time="1.189" tests="2">
    <testcase classname="Component Tests Banco Management Update Component save Should call update service on save for existing entity" name="Component Tests Banco Management Update Component save Should call update service on save for existing entity" time="0.087">
    </testcase>
    <testcase classname="Component Tests Banco Management Update Component save Should call create service on save for new entity" name="Component Tests Banco Management Update Component save Should call create service on save for new entity" time="0.056">
    </testcase>
  </testsuite>
  <testsuite name="Component Tests" errors="0" failures="0" skipped="0" timestamp="2021-06-24T16:27:59" time="1.2" tests="2">
    <testcase classname="Component Tests MedidaArticulo Management Update Component save Should call update service on save for existing entity" name="Component Tests MedidaArticulo Management Update Component save Should call update service on save for existing entity" time="0.078">
    </testcase>
    <testcase classname="Component Tests MedidaArticulo Management Update Component save Should call create service on save for new entity" name="Component Tests MedidaArticulo Management Update Component save Should call create service on save for new entity" time="0.082">
    </testcase>
  </testsuite>
  <testsuite name="Component Tests" errors="0" failures="0" skipped="0" timestamp="2021-06-24T16:28:00" time="1.193" tests="2">
    <testcase classname="Component Tests TipoParteMotor Management Update Component save Should call update service on save for existing entity" name="Component Tests TipoParteMotor Management Update Component save Should call update service on save for existing entity" time="0.068">
    </testcase>
    <testcase classname="Component Tests TipoParteMotor Management Update Component save Should call create service on save for new entity" name="Component Tests TipoParteMotor Management Update Component save Should call create service on save for new entity" time="0.077">
    </testcase>
  </testsuite>
  <testsuite name="Component Tests" errors="0" failures="0" skipped="0" timestamp="2021-06-24T16:28:00" time="1.057" tests="1">
    <testcase classname="Component Tests TipoRepuesto Management Component Should call load all on init" name="Component Tests TipoRepuesto Management Component Should call load all on init" time="0.07">
    </testcase>
  </testsuite>
  <testsuite name="Service Tests" errors="0" failures="0" skipped="0" timestamp="2021-06-24T16:28:01" time="1.001" tests="5">
    <testcase classname="Service Tests HistorialPrecio Service Service methods should find an element" name="Service Tests HistorialPrecio Service Service methods should find an element" time="0.034">
    </testcase>
    <testcase classname="Service Tests HistorialPrecio Service Service methods should create a HistorialPrecio" name="Service Tests HistorialPrecio Service Service methods should create a HistorialPrecio" time="0.026">
    </testcase>
    <testcase classname="Service Tests HistorialPrecio Service Service methods should update a HistorialPrecio" name="Service Tests HistorialPrecio Service Service methods should update a HistorialPrecio" time="0.022">
    </testcase>
    <testcase classname="Service Tests HistorialPrecio Service Service methods should return a list of HistorialPrecio" name="Service Tests HistorialPrecio Service Service methods should return a list of HistorialPrecio" time="0.019">
    </testcase>
    <testcase classname="Service Tests HistorialPrecio Service Service methods should delete a HistorialPrecio" name="Service Tests HistorialPrecio Service Service methods should delete a HistorialPrecio" time="0.015">
    </testcase>
  </testsuite>
  <testsuite name="Component Tests" errors="0" failures="0" skipped="0" timestamp="2021-06-24T16:28:01" time="1.197" tests="2">
    <testcase classname="Component Tests SubCategoria Management Update Component save Should call update service on save for existing entity" name="Component Tests SubCategoria Management Update Component save Should call update service on save for existing entity" time="0.094">
    </testcase>
    <testcase classname="Component Tests SubCategoria Management Update Component save Should call create service on save for new entity" name="Component Tests SubCategoria Management Update Component save Should call create service on save for new entity" time="0.058">
    </testcase>
  </testsuite>
  <testsuite name="Service Tests" errors="0" failures="0" skipped="0" timestamp="2021-06-24T16:28:03" time="0.999" tests="5">
    <testcase classname="Service Tests MovimientoPedido Service Service methods should find an element" name="Service Tests MovimientoPedido Service Service methods should find an element" time="0.026">
    </testcase>
    <testcase classname="Service Tests MovimientoPedido Service Service methods should create a MovimientoPedido" name="Service Tests MovimientoPedido Service Service methods should create a MovimientoPedido" time="0.026">
    </testcase>
    <testcase classname="Service Tests MovimientoPedido Service Service methods should update a MovimientoPedido" name="Service Tests MovimientoPedido Service Service methods should update a MovimientoPedido" time="0.028">
    </testcase>
    <testcase classname="Service Tests MovimientoPedido Service Service methods should return a list of MovimientoPedido" name="Service Tests MovimientoPedido Service Service methods should return a list of MovimientoPedido" time="0.034">
    </testcase>
    <testcase classname="Service Tests MovimientoPedido Service Service methods should delete a MovimientoPedido" name="Service Tests MovimientoPedido Service Service methods should delete a MovimientoPedido" time="0.02">
    </testcase>
  </testsuite>
  <testsuite name="Component Tests" errors="0" failures="0" skipped="0" timestamp="2021-06-24T16:28:03" time="1.178" tests="2">
    <testcase classname="Component Tests Cliente Management Update Component save Should call update service on save for existing entity" name="Component Tests Cliente Management Update Component save Should call update service on save for existing entity" time="0.084">
    </testcase>
    <testcase classname="Component Tests Cliente Management Update Component save Should call create service on save for new entity" name="Component Tests Cliente Management Update Component save Should call create service on save for new entity" time="0.052">
    </testcase>
  </testsuite>
  <testsuite name="Component Tests" errors="0" failures="0" skipped="0" timestamp="2021-06-24T16:28:04" time="1.172" tests="2">
    <testcase classname="Component Tests Aplicacion Management Update Component save Should call update service on save for existing entity" name="Component Tests Aplicacion Management Update Component save Should call update service on save for existing entity" time="0.065">
    </testcase>
    <testcase classname="Component Tests Aplicacion Management Update Component save Should call create service on save for new entity" name="Component Tests Aplicacion Management Update Component save Should call create service on save for new entity" time="0.052">
    </testcase>
  </testsuite>
  <testsuite name="Component Tests" errors="0" failures="0" skipped="0" timestamp="2021-06-24T16:28:04" time="1.086" tests="1">
    <testcase classname="Component Tests TipoRepuesto Management Detail Component OnInit Should call load all on init" name="Component Tests TipoRepuesto Management Detail Component OnInit Should call load all on init" time="0.085">
    </testcase>
  </testsuite>
  <testsuite name="Component Tests" errors="0" failures="0" skipped="0" timestamp="2021-06-24T16:28:05" time="1.072" tests="1">
    <testcase classname="Component Tests CostoOperacion Management Detail Component OnInit Should call load all on init" name="Component Tests CostoOperacion Management Detail Component OnInit Should call load all on init" time="0.088">
    </testcase>
  </testsuite>
  <testsuite name="Service Tests" errors="0" failures="0" skipped="0" timestamp="2021-06-24T16:28:05" time="1.037" tests="5">
    <testcase classname="Service Tests ListaPrecioDesdeHasta Service Service methods should find an element" name="Service Tests ListaPrecioDesdeHasta Service Service methods should find an element" time="0.046">
    </testcase>
    <testcase classname="Service Tests ListaPrecioDesdeHasta Service Service methods should create a ListaPrecioDesdeHasta" name="Service Tests ListaPrecioDesdeHasta Service Service methods should create a ListaPrecioDesdeHasta" time="0.019">
    </testcase>
    <testcase classname="Service Tests ListaPrecioDesdeHasta Service Service methods should update a ListaPrecioDesdeHasta" name="Service Tests ListaPrecioDesdeHasta Service Service methods should update a ListaPrecioDesdeHasta" time="0.019">
    </testcase>
    <testcase classname="Service Tests ListaPrecioDesdeHasta Service Service methods should return a list of ListaPrecioDesdeHasta" name="Service Tests ListaPrecioDesdeHasta Service Service methods should return a list of ListaPrecioDesdeHasta" time="0.02">
    </testcase>
    <testcase classname="Service Tests ListaPrecioDesdeHasta Service Service methods should delete a ListaPrecioDesdeHasta" name="Service Tests ListaPrecioDesdeHasta Service Service methods should delete a ListaPrecioDesdeHasta" time="0.023">
    </testcase>
  </testsuite>
  <testsuite name="Component Tests" errors="0" failures="0" skipped="0" timestamp="2021-06-24T16:28:06" time="1.199" tests="2">
    <testcase classname="Component Tests ListaPrecioDesdeHasta Management Update Component save Should call update service on save for existing entity" name="Component Tests ListaPrecioDesdeHasta Management Update Component save Should call update service on save for existing entity" time="0.076">
    </testcase>
    <testcase classname="Component Tests ListaPrecioDesdeHasta Management Update Component save Should call create service on save for new entity" name="Component Tests ListaPrecioDesdeHasta Management Update Component save Should call create service on save for new entity" time="0.056">
    </testcase>
  </testsuite>
  <testsuite name="Component Tests" errors="0" failures="0" skipped="0" timestamp="2021-06-24T16:28:06" time="1.122" tests="1">
    <testcase classname="Component Tests MedidaArticulo Management Component Should call load all on init" name="Component Tests MedidaArticulo Management Component Should call load all on init" time="0.072">
    </testcase>
  </testsuite>
  <testsuite name="Component Tests" errors="0" failures="0" skipped="0" timestamp="2021-06-24T16:28:07" time="1.071" tests="1">
    <testcase classname="Component Tests ListaPrecioRectificacionCRAM Management Detail Component OnInit Should call load all on init" name="Component Tests ListaPrecioRectificacionCRAM Management Detail Component OnInit Should call load all on init" time="0.057">
    </testcase>
  </testsuite>
  <testsuite name="Component Tests" errors="0" failures="0" skipped="0" timestamp="2021-06-24T16:28:07" time="1.136" tests="2">
    <testcase classname="Component Tests ListaPrecioRectificacionCRAM Management Update Component save Should call update service on save for existing entity" name="Component Tests ListaPrecioRectificacionCRAM Management Update Component save Should call update service on save for existing entity" time="0.082">
    </testcase>
    <testcase classname="Component Tests ListaPrecioRectificacionCRAM Management Update Component save Should call create service on save for new entity" name="Component Tests ListaPrecioRectificacionCRAM Management Update Component save Should call create service on save for new entity" time="0.051">
    </testcase>
  </testsuite>
  <testsuite name="Component Tests" errors="0" failures="0" skipped="0" timestamp="2021-06-24T16:28:08" time="1.092" tests="1">
    <testcase classname="Component Tests EstadoCostoRepuesto Management Component Should call load all on init" name="Component Tests EstadoCostoRepuesto Management Component Should call load all on init" time="0.069">
    </testcase>
  </testsuite>
  <testsuite name="Component Tests" errors="0" failures="0" skipped="0" timestamp="2021-06-24T16:28:08" time="1.157" tests="2">
    <testcase classname="Component Tests EstadoMovimiento Management Update Component save Should call update service on save for existing entity" name="Component Tests EstadoMovimiento Management Update Component save Should call update service on save for existing entity" time="0.086">
    </testcase>
    <testcase classname="Component Tests EstadoMovimiento Management Update Component save Should call create service on save for new entity" name="Component Tests EstadoMovimiento Management Update Component save Should call create service on save for new entity" time="0.054">
    </testcase>
  </testsuite>
  <testsuite name="Component Tests" errors="0" failures="0" skipped="0" timestamp="2021-06-24T16:28:09" time="1.16" tests="2">
    <testcase classname="Component Tests Motor Management Update Component save Should call update service on save for existing entity" name="Component Tests Motor Management Update Component save Should call update service on save for existing entity" time="0.087">
    </testcase>
    <testcase classname="Component Tests Motor Management Update Component save Should call create service on save for new entity" name="Component Tests Motor Management Update Component save Should call create service on save for new entity" time="0.059">
    </testcase>
  </testsuite>
  <testsuite name="Service Tests" errors="0" failures="0" skipped="0" timestamp="2021-06-24T16:28:10" time="1.051" tests="5">
    <testcase classname="Service Tests PrecioRepuesto Service Service methods should find an element" name="Service Tests PrecioRepuesto Service Service methods should find an element" time="0.03">
    </testcase>
    <testcase classname="Service Tests PrecioRepuesto Service Service methods should create a PrecioRepuesto" name="Service Tests PrecioRepuesto Service Service methods should create a PrecioRepuesto" time="0.031">
    </testcase>
    <testcase classname="Service Tests PrecioRepuesto Service Service methods should update a PrecioRepuesto" name="Service Tests PrecioRepuesto Service Service methods should update a PrecioRepuesto" time="0.025">
    </testcase>
    <testcase classname="Service Tests PrecioRepuesto Service Service methods should return a list of PrecioRepuesto" name="Service Tests PrecioRepuesto Service Service methods should return a list of PrecioRepuesto" time="0.025">
    </testcase>
    <testcase classname="Service Tests PrecioRepuesto Service Service methods should delete a PrecioRepuesto" name="Service Tests PrecioRepuesto Service Service methods should delete a PrecioRepuesto" time="0.033">
    </testcase>
  </testsuite>
  <testsuite name="Component Tests" errors="0" failures="0" skipped="0" timestamp="2021-06-24T16:28:11" time="1.185" tests="2">
    <testcase classname="Component Tests Cilindrada Management Update Component save Should call update service on save for existing entity" name="Component Tests Cilindrada Management Update Component save Should call update service on save for existing entity" time="0.063">
    </testcase>
    <testcase classname="Component Tests Cilindrada Management Update Component save Should call create service on save for new entity" name="Component Tests Cilindrada Management Update Component save Should call create service on save for new entity" time="0.066">
    </testcase>
  </testsuite>
  <testsuite name="Component Tests" errors="0" failures="0" skipped="0" timestamp="2021-06-24T16:28:11" time="1.192" tests="2">
    <testcase classname="Component Tests EstadoCobranzaOperacion Management Update Component save Should call update service on save for existing entity" name="Component Tests EstadoCobranzaOperacion Management Update Component save Should call update service on save for existing entity" time="0.109">
    </testcase>
    <testcase classname="Component Tests EstadoCobranzaOperacion Management Update Component save Should call create service on save for new entity" name="Component Tests EstadoCobranzaOperacion Management Update Component save Should call create service on save for new entity" time="0.06">
    </testcase>
  </testsuite>
  <testsuite name="Component Tests" errors="0" failures="0" skipped="0" timestamp="2021-06-24T16:28:12" time="1.084" tests="1">
    <testcase classname="Component Tests DetallePedido Management Detail Component OnInit Should call load all on init" name="Component Tests DetallePedido Management Detail Component OnInit Should call load all on init" time="0.064">
    </testcase>
  </testsuite>
  <testsuite name="Component Tests" errors="0" failures="0" skipped="0" timestamp="2021-06-24T16:28:12" time="1.169" tests="2">
    <testcase classname="Component Tests TipoDetalleMovimiento Management Update Component save Should call update service on save for existing entity" name="Component Tests TipoDetalleMovimiento Management Update Component save Should call update service on save for existing entity" time="0.068">
    </testcase>
    <testcase classname="Component Tests TipoDetalleMovimiento Management Update Component save Should call create service on save for new entity" name="Component Tests TipoDetalleMovimiento Management Update Component save Should call create service on save for new entity" time="0.07">
    </testcase>
  </testsuite>
  <testsuite name="Component Tests" errors="0" failures="0" skipped="0" timestamp="2021-06-24T16:28:13" time="1.165" tests="2">
    <testcase classname="Component Tests Marca Management Update Component save Should call update service on save for existing entity" name="Component Tests Marca Management Update Component save Should call update service on save for existing entity" time="0.068">
    </testcase>
    <testcase classname="Component Tests Marca Management Update Component save Should call create service on save for new entity" name="Component Tests Marca Management Update Component save Should call create service on save for new entity" time="0.074">
    </testcase>
  </testsuite>
  <testsuite name="Component Tests" errors="0" failures="0" skipped="0" timestamp="2021-06-24T16:28:13" time="1.071" tests="1">
    <testcase classname="Component Tests TipoDetalleMovimiento Management Detail Component OnInit Should call load all on init" name="Component Tests TipoDetalleMovimiento Management Detail Component OnInit Should call load all on init" time="0.057">
    </testcase>
  </testsuite>
  <testsuite name="Component Tests" errors="0" failures="0" skipped="0" timestamp="2021-06-24T16:28:14" time="1.143" tests="3">
    <testcase classname="Component Tests SettingsComponent should send the current identity upon save" name="Component Tests SettingsComponent should send the current identity upon save" time="0.057">
    </testcase>
    <testcase classname="Component Tests SettingsComponent should notify of success upon successful save" name="Component Tests SettingsComponent should notify of success upon successful save" time="0.042">
    </testcase>
    <testcase classname="Component Tests SettingsComponent should notify of error upon failed save" name="Component Tests SettingsComponent should notify of error upon failed save" time="0.03">
    </testcase>
  </testsuite>
  <testsuite name="Component Tests" errors="0" failures="0" skipped="0" timestamp="2021-06-24T16:28:14" time="1.085" tests="1">
    <testcase classname="Component Tests Localidad Management Component Should call load all on init" name="Component Tests Localidad Management Component Should call load all on init" time="0.076">
    </testcase>
  </testsuite>
  <testsuite name="Component Tests" errors="0" failures="0" skipped="0" timestamp="2021-06-24T16:28:15" time="1.494" tests="2">
    <testcase classname="Component Tests CategoriaPago Management Update Component save Should call update service on save for existing entity" name="Component Tests CategoriaPago Management Update Component save Should call update service on save for existing entity" time="0.102">
    </testcase>
    <testcase classname="Component Tests CategoriaPago Management Update Component save Should call create service on save for new entity" name="Component Tests CategoriaPago Management Update Component save Should call create service on save for new entity" time="0.049">
    </testcase>
  </testsuite>
  <testsuite name="Component Tests" errors="0" failures="0" skipped="0" timestamp="2021-06-24T16:28:15" time="1.831" tests="2">
    <testcase classname="Component Tests EstadoPersona Management Update Component save Should call update service on save for existing entity" name="Component Tests EstadoPersona Management Update Component save Should call update service on save for existing entity" time="0.093">
    </testcase>
    <testcase classname="Component Tests EstadoPersona Management Update Component save Should call create service on save for new entity" name="Component Tests EstadoPersona Management Update Component save Should call create service on save for new entity" time="0.054">
    </testcase>
  </testsuite>
  <testsuite name="Component Tests" errors="0" failures="0" skipped="0" timestamp="2021-06-24T16:28:17" time="1.189" tests="2">
    <testcase classname="Component Tests PrecioRepuesto Management Update Component save Should call update service on save for existing entity" name="Component Tests PrecioRepuesto Management Update Component save Should call update service on save for existing entity" time="0.06">
    </testcase>
    <testcase classname="Component Tests PrecioRepuesto Management Update Component save Should call create service on save for new entity" name="Component Tests PrecioRepuesto Management Update Component save Should call create service on save for new entity" time="0.088">
    </testcase>
  </testsuite>
  <testsuite name="Service Tests" errors="0" failures="0" skipped="0" timestamp="2021-06-24T16:28:17" time="1.036" tests="5">
    <testcase classname="Service Tests Movimiento Service Service methods should find an element" name="Service Tests Movimiento Service Service methods should find an element" time="0.027">
    </testcase>
    <testcase classname="Service Tests Movimiento Service Service methods should create a Movimiento" name="Service Tests Movimiento Service Service methods should create a Movimiento" time="0.023">
    </testcase>
    <testcase classname="Service Tests Movimiento Service Service methods should update a Movimiento" name="Service Tests Movimiento Service Service methods should update a Movimiento" time="0.028">
    </testcase>
    <testcase classname="Service Tests Movimiento Service Service methods should return a list of Movimiento" name="Service Tests Movimiento Service Service methods should return a list of Movimiento" time="0.018">
    </testcase>
    <testcase classname="Service Tests Movimiento Service Service methods should delete a Movimiento" name="Service Tests Movimiento Service Service methods should delete a Movimiento" time="0.018">
    </testcase>
  </testsuite>
  <testsuite name="Component Tests" errors="0" failures="0" skipped="0" timestamp="2021-06-24T16:28:18" time="1.101" tests="1">
    <testcase classname="Component Tests CostoRepuesto Management Component Should call load all on init" name="Component Tests CostoRepuesto Management Component Should call load all on init" time="0.077">
    </testcase>
  </testsuite>
  <testsuite name="Component Tests" errors="0" failures="0" skipped="0" timestamp="2021-06-24T16:28:18" time="1.149" tests="2">
    <testcase classname="Component Tests EstadoOperacion Management Update Component save Should call update service on save for existing entity" name="Component Tests EstadoOperacion Management Update Component save Should call update service on save for existing entity" time="0.086">
    </testcase>
    <testcase classname="Component Tests EstadoOperacion Management Update Component save Should call create service on save for new entity" name="Component Tests EstadoOperacion Management Update Component save Should call create service on save for new entity" time="0.061">
    </testcase>
  </testsuite>
  <testsuite name="Component Tests" errors="0" failures="0" skipped="0" timestamp="2021-06-24T16:28:19" time="1.111" tests="1">
    <testcase classname="Component Tests PagoCheque Management Component Should call load all on init" name="Component Tests PagoCheque Management Component Should call load all on init" time="0.082">
    </testcase>
  </testsuite>
  <testsuite name="Component Tests" errors="0" failures="0" skipped="0" timestamp="2021-06-24T16:28:20" time="1.073" tests="1">
    <testcase classname="Component Tests CobranzaOperacion Management Delete Component confirmDelete Should call delete service on confirmDelete" name="Component Tests CobranzaOperacion Management Delete Component confirmDelete Should call delete service on confirmDelete" time="0.074">
    </testcase>
  </testsuite>
  <testsuite name="Component Tests" errors="0" failures="0" skipped="0" timestamp="2021-06-24T16:28:20" time="1.063" tests="1">
    <testcase classname="Component Tests EstadoDetallePedido Management Component Should call load all on init" name="Component Tests EstadoDetallePedido Management Component Should call load all on init" time="0.068">
    </testcase>
  </testsuite>
  <testsuite name="Component Tests" errors="0" failures="0" skipped="0" timestamp="2021-06-24T16:28:21" time="1.072" tests="1">
    <testcase classname="Component Tests MovimientoPedido Management Component Should call load all on init" name="Component Tests MovimientoPedido Management Component Should call load all on init" time="0.071">
    </testcase>
  </testsuite>
  <testsuite name="Component Tests" errors="0" failures="0" skipped="0" timestamp="2021-06-24T16:28:21" time="1.073" tests="1">
    <testcase classname="Component Tests CostoRepuesto Management Delete Component confirmDelete Should call delete service on confirmDelete" name="Component Tests CostoRepuesto Management Delete Component confirmDelete Should call delete service on confirmDelete" time="0.068">
    </testcase>
  </testsuite>
  <testsuite name="Component Tests" errors="0" failures="0" skipped="0" timestamp="2021-06-24T16:28:22" time="1.137" tests="2">
    <testcase classname="Component Tests TipoMovimiento Management Update Component save Should call update service on save for existing entity" name="Component Tests TipoMovimiento Management Update Component save Should call update service on save for existing entity" time="0.075">
    </testcase>
    <testcase classname="Component Tests TipoMovimiento Management Update Component save Should call create service on save for new entity" name="Component Tests TipoMovimiento Management Update Component save Should call create service on save for new entity" time="0.056">
    </testcase>
  </testsuite>
  <testsuite name="Component Tests" errors="0" failures="0" skipped="0" timestamp="2021-06-24T16:28:23" time="1.079" tests="1">
    <testcase classname="Component Tests EstadoCostoRepuesto Management Delete Component confirmDelete Should call delete service on confirmDelete" name="Component Tests EstadoCostoRepuesto Management Delete Component confirmDelete Should call delete service on confirmDelete" time="0.101">
    </testcase>
  </testsuite>
  <testsuite name="Service Tests" errors="0" failures="0" skipped="0" timestamp="2021-06-24T16:28:23" time="1.004" tests="5">
    <testcase classname="Service Tests ListaPrecioRectificacionCRAM Service Service methods should find an element" name="Service Tests ListaPrecioRectificacionCRAM Service Service methods should find an element" time="0.031">
    </testcase>
    <testcase classname="Service Tests ListaPrecioRectificacionCRAM Service Service methods should create a ListaPrecioRectificacionCRAM" name="Service Tests ListaPrecioRectificacionCRAM Service Service methods should create a ListaPrecioRectificacionCRAM" time="0.037">
    </testcase>
    <testcase classname="Service Tests ListaPrecioRectificacionCRAM Service Service methods should update a ListaPrecioRectificacionCRAM" name="Service Tests ListaPrecioRectificacionCRAM Service Service methods should update a ListaPrecioRectificacionCRAM" time="0.019">
    </testcase>
    <testcase classname="Service Tests ListaPrecioRectificacionCRAM Service Service methods should return a list of ListaPrecioRectificacionCRAM" name="Service Tests ListaPrecioRectificacionCRAM Service Service methods should return a list of ListaPrecioRectificacionCRAM" time="0.023">
    </testcase>
    <testcase classname="Service Tests ListaPrecioRectificacionCRAM Service Service methods should delete a ListaPrecioRectificacionCRAM" name="Service Tests ListaPrecioRectificacionCRAM Service Service methods should delete a ListaPrecioRectificacionCRAM" time="0.025">
    </testcase>
  </testsuite>
  <testsuite name="Service Tests" errors="0" failures="0" skipped="0" timestamp="2021-06-24T16:28:24" time="1.024" tests="5">
    <testcase classname="Service Tests Motor Service Service methods should find an element" name="Service Tests Motor Service Service methods should find an element" time="0.055">
    </testcase>
    <testcase classname="Service Tests Motor Service Service methods should create a Motor" name="Service Tests Motor Service Service methods should create a Motor" time="0.021">
    </testcase>
    <testcase classname="Service Tests Motor Service Service methods should update a Motor" name="Service Tests Motor Service Service methods should update a Motor" time="0.023">
    </testcase>
    <testcase classname="Service Tests Motor Service Service methods should return a list of Motor" name="Service Tests Motor Service Service methods should return a list of Motor" time="0.016">
    </testcase>
    <testcase classname="Service Tests Motor Service Service methods should delete a Motor" name="Service Tests Motor Service Service methods should delete a Motor" time="0.015">
    </testcase>
  </testsuite>
  <testsuite name="Component Tests" errors="0" failures="0" skipped="0" timestamp="2021-06-24T16:28:24" time="1.096" tests="1">
    <testcase classname="Component Tests Direccion Management Delete Component confirmDelete Should call delete service on confirmDelete" name="Component Tests Direccion Management Delete Component confirmDelete Should call delete service on confirmDelete" time="0.064">
    </testcase>
  </testsuite>
  <testsuite name="Component Tests" errors="0" failures="0" skipped="0" timestamp="2021-06-24T16:28:25" time="1.066" tests="1">
    <testcase classname="Component Tests CostoRepuesto Management Detail Component OnInit Should call load all on init" name="Component Tests CostoRepuesto Management Detail Component OnInit Should call load all on init" time="0.063">
    </testcase>
  </testsuite>
  <testsuite name="Component Tests" errors="0" failures="0" skipped="0" timestamp="2021-06-24T16:28:25" time="1.188" tests="2">
    <testcase classname="Component Tests FormaDePago Management Update Component save Should call update service on save for existing entity" name="Component Tests FormaDePago Management Update Component save Should call update service on save for existing entity" time="0.101">
    </testcase>
    <testcase classname="Component Tests FormaDePago Management Update Component save Should call create service on save for new entity" name="Component Tests FormaDePago Management Update Component save Should call create service on save for new entity" time="0.059">
    </testcase>
  </testsuite>
  <testsuite name="Component Tests" errors="0" failures="0" skipped="0" timestamp="2021-06-24T16:28:26" time="1.134" tests="1">
    <testcase classname="Component Tests CategoriaPago Management Component Should call load all on init" name="Component Tests CategoriaPago Management Component Should call load all on init" time="0.099">
    </testcase>
  </testsuite>
  <testsuite name="Component Tests" errors="0" failures="0" skipped="0" timestamp="2021-06-24T16:28:26" time="1.105" tests="1">
    <testcase classname="Component Tests Aplicacion Management Component Should call load all on init" name="Component Tests Aplicacion Management Component Should call load all on init" time="0.063">
    </testcase>
  </testsuite>
  <testsuite name="Component Tests" errors="0" failures="0" skipped="0" timestamp="2021-06-24T16:28:27" time="1.057" tests="1">
    <testcase classname="Component Tests CostoRepuestoProveedor Management Component Should call load all on init" name="Component Tests CostoRepuestoProveedor Management Component Should call load all on init" time="0.059">
    </testcase>
  </testsuite>
  <testsuite name="Service Tests" errors="0" failures="0" skipped="0" timestamp="2021-06-24T16:28:28" time="0.997" tests="5">
    <testcase classname="Service Tests MovimientoPresupuesto Service Service methods should find an element" name="Service Tests MovimientoPresupuesto Service Service methods should find an element" time="0.025">
    </testcase>
    <testcase classname="Service Tests MovimientoPresupuesto Service Service methods should create a MovimientoPresupuesto" name="Service Tests MovimientoPresupuesto Service Service methods should create a MovimientoPresupuesto" time="0.017">
    </testcase>
    <testcase classname="Service Tests MovimientoPresupuesto Service Service methods should update a MovimientoPresupuesto" name="Service Tests MovimientoPresupuesto Service Service methods should update a MovimientoPresupuesto" time="0.03">
    </testcase>
    <testcase classname="Service Tests MovimientoPresupuesto Service Service methods should return a list of MovimientoPresupuesto" name="Service Tests MovimientoPresupuesto Service Service methods should return a list of MovimientoPresupuesto" time="0.041">
    </testcase>
    <testcase classname="Service Tests MovimientoPresupuesto Service Service methods should delete a MovimientoPresupuesto" name="Service Tests MovimientoPresupuesto Service Service methods should delete a MovimientoPresupuesto" time="0.023">
    </testcase>
  </testsuite>
  <testsuite name="Component Tests" errors="0" failures="0" skipped="0" timestamp="2021-06-24T16:28:28" time="1.109" tests="1">
    <testcase classname="Component Tests HistorialPrecio Management Component Should call load all on init" name="Component Tests HistorialPrecio Management Component Should call load all on init" time="0.078">
    </testcase>
  </testsuite>
  <testsuite name="Component Tests" errors="0" failures="0" skipped="0" timestamp="2021-06-24T16:28:29" time="1.102" tests="1">
    <testcase classname="Component Tests Articulo Management Delete Component confirmDelete Should call delete service on confirmDelete" name="Component Tests Articulo Management Delete Component confirmDelete Should call delete service on confirmDelete" time="0.066">
    </testcase>
  </testsuite>
  <testsuite name="Component Tests" errors="0" failures="0" skipped="0" timestamp="2021-06-24T16:28:29" time="1.091" tests="1">
    <testcase classname="Component Tests MedidaArticulo Management Delete Component confirmDelete Should call delete service on confirmDelete" name="Component Tests MedidaArticulo Management Delete Component confirmDelete Should call delete service on confirmDelete" time="0.091">
    </testcase>
  </testsuite>
  <testsuite name="Component Tests" errors="0" failures="0" skipped="0" timestamp="2021-06-24T16:28:30" time="1.082" tests="1">
    <testcase classname="Component Tests EstadoPersona Management Component Should call load all on init" name="Component Tests EstadoPersona Management Component Should call load all on init" time="0.074">
    </testcase>
  </testsuite>
  <testsuite name="Service Tests" errors="0" failures="0" skipped="0" timestamp="2021-06-24T16:28:30" time="1.034" tests="5">
    <testcase classname="Service Tests EstadoDetallePedido Service Service methods should find an element" name="Service Tests EstadoDetallePedido Service Service methods should find an element" time="0.03">
    </testcase>
    <testcase classname="Service Tests EstadoDetallePedido Service Service methods should create a EstadoDetallePedido" name="Service Tests EstadoDetallePedido Service Service methods should create a EstadoDetallePedido" time="0.019">
    </testcase>
    <testcase classname="Service Tests EstadoDetallePedido Service Service methods should update a EstadoDetallePedido" name="Service Tests EstadoDetallePedido Service Service methods should update a EstadoDetallePedido" time="0.033">
    </testcase>
    <testcase classname="Service Tests EstadoDetallePedido Service Service methods should return a list of EstadoDetallePedido" name="Service Tests EstadoDetallePedido Service Service methods should return a list of EstadoDetallePedido" time="0.023">
    </testcase>
    <testcase classname="Service Tests EstadoDetallePedido Service Service methods should delete a EstadoDetallePedido" name="Service Tests EstadoDetallePedido Service Service methods should delete a EstadoDetallePedido" time="0.028">
    </testcase>
  </testsuite>
  <testsuite name="Component Tests" errors="0" failures="0" skipped="0" timestamp="2021-06-24T16:28:31" time="1.19" tests="1">
    <testcase classname="Component Tests DocumentationType Management Component Should call load all on init" name="Component Tests DocumentationType Management Component Should call load all on init" time="0.09">
    </testcase>
  </testsuite>
  <testsuite name="Service Tests" errors="0" failures="0" skipped="0" timestamp="2021-06-24T16:28:31" time="1.079" tests="5">
    <testcase classname="Service Tests PagoTarjeta Service Service methods should find an element" name="Service Tests PagoTarjeta Service Service methods should find an element" time="0.03">
    </testcase>
    <testcase classname="Service Tests PagoTarjeta Service Service methods should create a PagoTarjeta" name="Service Tests PagoTarjeta Service Service methods should create a PagoTarjeta" time="0.018">
    </testcase>
    <testcase classname="Service Tests PagoTarjeta Service Service methods should update a PagoTarjeta" name="Service Tests PagoTarjeta Service Service methods should update a PagoTarjeta" time="0.017">
    </testcase>
    <testcase classname="Service Tests PagoTarjeta Service Service methods should return a list of PagoTarjeta" name="Service Tests PagoTarjeta Service Service methods should return a list of PagoTarjeta" time="0.021">
    </testcase>
    <testcase classname="Service Tests PagoTarjeta Service Service methods should delete a PagoTarjeta" name="Service Tests PagoTarjeta Service Service methods should delete a PagoTarjeta" time="0.043">
    </testcase>
  </testsuite>
  <testsuite name="Service Tests" errors="0" failures="0" skipped="0" timestamp="2021-06-24T16:28:32" time="1.001" tests="5">
    <testcase classname="Service Tests Operacion Service Service methods should find an element" name="Service Tests Operacion Service Service methods should find an element" time="0.025">
    </testcase>
    <testcase classname="Service Tests Operacion Service Service methods should create a Operacion" name="Service Tests Operacion Service Service methods should create a Operacion" time="0.018">
    </testcase>
    <testcase classname="Service Tests Operacion Service Service methods should update a Operacion" name="Service Tests Operacion Service Service methods should update a Operacion" time="0.027">
    </testcase>
    <testcase classname="Service Tests Operacion Service Service methods should return a list of Operacion" name="Service Tests Operacion Service Service methods should return a list of Operacion" time="0.022">
    </testcase>
    <testcase classname="Service Tests Operacion Service Service methods should delete a Operacion" name="Service Tests Operacion Service Service methods should delete a Operacion" time="0.022">
    </testcase>
  </testsuite>
  <testsuite name="Component Tests" errors="0" failures="0" skipped="0" timestamp="2021-06-24T16:28:33" time="1.089" tests="1">
    <testcase classname="Component Tests Banco Management Delete Component confirmDelete Should call delete service on confirmDelete" name="Component Tests Banco Management Delete Component confirmDelete Should call delete service on confirmDelete" time="0.059">
    </testcase>
  </testsuite>
  <testsuite name="Component Tests" errors="0" failures="0" skipped="0" timestamp="2021-06-24T16:28:33" time="1.096" tests="1">
    <testcase classname="Component Tests StockArticulo Management Detail Component OnInit Should call load all on init" name="Component Tests StockArticulo Management Detail Component OnInit Should call load all on init" time="0.077">
    </testcase>
  </testsuite>
  <testsuite name="Component Tests" errors="0" failures="0" skipped="0" timestamp="2021-06-24T16:28:34" time="1.087" tests="1">
    <testcase classname="Component Tests JhiMetricsMonitoringComponent refresh should call refresh on init" name="Component Tests JhiMetricsMonitoringComponent refresh should call refresh on init" time="0.057">
    </testcase>
  </testsuite>
  <testsuite name="Component Tests" errors="0" failures="0" skipped="0" timestamp="2021-06-24T16:28:34" time="1.115" tests="1">
    <testcase classname="Component Tests StockArticulo Management Component Should call load all on init" name="Component Tests StockArticulo Management Component Should call load all on init" time="0.062">
    </testcase>
  </testsuite>
  <testsuite name="Component Tests" errors="0" failures="0" skipped="0" timestamp="2021-06-24T16:28:35" time="1.116" tests="1">
    <testcase classname="Component Tests Cliente Management Detail Component OnInit Should call load all on init" name="Component Tests Cliente Management Detail Component OnInit Should call load all on init" time="0.081">
    </testcase>
  </testsuite>
  <testsuite name="Component Tests" errors="0" failures="0" skipped="0" timestamp="2021-06-24T16:28:35" time="1.091" tests="1">
    <testcase classname="Component Tests ListaPrecioRectificacionCRAM Management Delete Component confirmDelete Should call delete service on confirmDelete" name="Component Tests ListaPrecioRectificacionCRAM Management Delete Component confirmDelete Should call delete service on confirmDelete" time="0.073">
    </testcase>
  </testsuite>
  <testsuite name="Component Tests" errors="0" failures="0" skipped="0" timestamp="2021-06-24T16:28:36" time="1.075" tests="1">
    <testcase classname="Component Tests Sucursal Management Delete Component confirmDelete Should call delete service on confirmDelete" name="Component Tests Sucursal Management Delete Component confirmDelete Should call delete service on confirmDelete" time="0.083">
    </testcase>
  </testsuite>
  <testsuite name="Component Tests" errors="0" failures="0" skipped="0" timestamp="2021-06-24T16:28:37" time="1.137" tests="1">
    <testcase classname="Component Tests DetalleMovimiento Management Component Should call load all on init" name="Component Tests DetalleMovimiento Management Component Should call load all on init" time="0.104">
    </testcase>
  </testsuite>
  <testsuite name="Component Tests" errors="0" failures="0" skipped="0" timestamp="2021-06-24T16:28:37" time="1.112" tests="1">
    <testcase classname="Component Tests StockArticulo Management Delete Component confirmDelete Should call delete service on confirmDelete" name="Component Tests StockArticulo Management Delete Component confirmDelete Should call delete service on confirmDelete" time="0.066">
    </testcase>
  </testsuite>
  <testsuite name="Component Tests" errors="0" failures="0" skipped="0" timestamp="2021-06-24T16:28:38" time="1.116" tests="1">
    <testcase classname="Component Tests PagoCheque Management Delete Component confirmDelete Should call delete service on confirmDelete" name="Component Tests PagoCheque Management Delete Component confirmDelete Should call delete service on confirmDelete" time="0.066">
    </testcase>
  </testsuite>
  <testsuite name="Component Tests" errors="0" failures="0" skipped="0" timestamp="2021-06-24T16:28:38" time="1.156" tests="1">
    <testcase classname="Component Tests PagoTarjeta Management Delete Component confirmDelete Should call delete service on confirmDelete" name="Component Tests PagoTarjeta Management Delete Component confirmDelete Should call delete service on confirmDelete" time="0.096">
    </testcase>
  </testsuite>
  <testsuite name="Component Tests" errors="0" failures="0" skipped="0" timestamp="2021-06-24T16:28:39" time="1.093" tests="1">
    <testcase classname="Component Tests EstadoPersona Management Delete Component confirmDelete Should call delete service on confirmDelete" name="Component Tests EstadoPersona Management Delete Component confirmDelete Should call delete service on confirmDelete" time="0.062">
    </testcase>
  </testsuite>
  <testsuite name="Component Tests" errors="0" failures="0" skipped="0" timestamp="2021-06-24T16:28:39" time="1.079" tests="1">
    <testcase classname="Component Tests Direccion Management Detail Component OnInit Should call load all on init" name="Component Tests Direccion Management Detail Component OnInit Should call load all on init" time="0.063">
    </testcase>
  </testsuite>
  <testsuite name="Component Tests" errors="0" failures="0" skipped="0" timestamp="2021-06-24T16:28:40" time="1.112" tests="1">
    <testcase classname="Component Tests CobranzaRepuesto Management Delete Component confirmDelete Should call delete service on confirmDelete" name="Component Tests CobranzaRepuesto Management Delete Component confirmDelete Should call delete service on confirmDelete" time="0.108">
    </testcase>
  </testsuite>
  <testsuite name="Service Tests" errors="0" failures="0" skipped="0" timestamp="2021-06-24T16:28:41" time="1.04" tests="5">
    <testcase classname="Service Tests TipoDetalleMovimiento Service Service methods should find an element" name="Service Tests TipoDetalleMovimiento Service Service methods should find an element" time="0.025">
    </testcase>
    <testcase classname="Service Tests TipoDetalleMovimiento Service Service methods should create a TipoDetalleMovimiento" name="Service Tests TipoDetalleMovimiento Service Service methods should create a TipoDetalleMovimiento" time="0.02">
    </testcase>
    <testcase classname="Service Tests TipoDetalleMovimiento Service Service methods should update a TipoDetalleMovimiento" name="Service Tests TipoDetalleMovimiento Service Service methods should update a TipoDetalleMovimiento" time="0.021">
    </testcase>
    <testcase classname="Service Tests TipoDetalleMovimiento Service Service methods should return a list of TipoDetalleMovimiento" name="Service Tests TipoDetalleMovimiento Service Service methods should return a list of TipoDetalleMovimiento" time="0.023">
    </testcase>
    <testcase classname="Service Tests TipoDetalleMovimiento Service Service methods should delete a TipoDetalleMovimiento" name="Service Tests TipoDetalleMovimiento Service Service methods should delete a TipoDetalleMovimiento" time="0.022">
    </testcase>
  </testsuite>
  <testsuite name="Component Tests" errors="0" failures="0" skipped="0" timestamp="2021-06-24T16:28:41" time="1.092" tests="1">
    <testcase classname="Component Tests MovimientoArticulo Management Component Should call load all on init" name="Component Tests MovimientoArticulo Management Component Should call load all on init" time="0.061">
    </testcase>
  </testsuite>
  <testsuite name="Component Tests" errors="0" failures="0" skipped="0" timestamp="2021-06-24T16:28:42" time="1.133" tests="1">
    <testcase classname="Component Tests Presupuesto Management Delete Component confirmDelete Should call delete service on confirmDelete" name="Component Tests Presupuesto Management Delete Component confirmDelete Should call delete service on confirmDelete" time="0.098">
    </testcase>
  </testsuite>
  <testsuite name="Component Tests" errors="0" failures="0" skipped="0" timestamp="2021-06-24T16:28:42" time="1.165" tests="2">
    <testcase classname="Component Tests Sucursal Management Update Component save Should call update service on save for existing entity" name="Component Tests Sucursal Management Update Component save Should call update service on save for existing entity" time="0.07">
    </testcase>
    <testcase classname="Component Tests Sucursal Management Update Component save Should call create service on save for new entity" name="Component Tests Sucursal Management Update Component save Should call create service on save for new entity" time="0.069">
    </testcase>
  </testsuite>
  <testsuite name="Component Tests" errors="0" failures="0" skipped="0" timestamp="2021-06-24T16:28:43" time="1.083" tests="1">
    <testcase classname="Component Tests EstadoCobranzaOperacion Management Component Should call load all on init" name="Component Tests EstadoCobranzaOperacion Management Component Should call load all on init" time="0.059">
    </testcase>
  </testsuite>
  <testsuite name="Component Tests" errors="0" failures="0" skipped="0" timestamp="2021-06-24T16:28:44" time="1.086" tests="1">
    <testcase classname="Component Tests DetallePedido Management Delete Component confirmDelete Should call delete service on confirmDelete" name="Component Tests DetallePedido Management Delete Component confirmDelete Should call delete service on confirmDelete" time="0.071">
    </testcase>
  </testsuite>
  <testsuite name="Component Tests" errors="0" failures="0" skipped="0" timestamp="2021-06-24T16:28:44" time="1.064" tests="1">
    <testcase classname="Component Tests TipoParteMotor Management Component Should call load all on init" name="Component Tests TipoParteMotor Management Component Should call load all on init" time="0.059">
    </testcase>
  </testsuite>
  <testsuite name="Component Tests" errors="0" failures="0" skipped="0" timestamp="2021-06-24T16:28:45" time="1.053" tests="1">
    <testcase classname="Component Tests CobranzaRepuesto Management Component Should call load all on init" name="Component Tests CobranzaRepuesto Management Component Should call load all on init" time="0.068">
    </testcase>
  </testsuite>
  <testsuite name="Component Tests" errors="0" failures="0" skipped="0" timestamp="2021-06-24T16:28:45" time="1.083" tests="1">
    <testcase classname="Component Tests CostoOperacion Management Delete Component confirmDelete Should call delete service on confirmDelete" name="Component Tests CostoOperacion Management Delete Component confirmDelete Should call delete service on confirmDelete" time="0.093">
    </testcase>
  </testsuite>
  <testsuite name="Component Tests" errors="0" failures="0" skipped="0" timestamp="2021-06-24T16:28:46" time="1.092" tests="1">
    <testcase classname="Component Tests EstadoPresupuesto Management Component Should call load all on init" name="Component Tests EstadoPresupuesto Management Component Should call load all on init" time="0.1">
    </testcase>
  </testsuite>
  <testsuite name="Component Tests" errors="0" failures="0" skipped="0" timestamp="2021-06-24T16:28:46" time="1.062" tests="1">
    <testcase classname="Component Tests Cilindrada Management Delete Component confirmDelete Should call delete service on confirmDelete" name="Component Tests Cilindrada Management Delete Component confirmDelete Should call delete service on confirmDelete" time="0.059">
    </testcase>
  </testsuite>
  <testsuite name="Service Tests" errors="0" failures="0" skipped="0" timestamp="2021-06-24T16:28:47" time="1.001" tests="5">
    <testcase classname="Service Tests DocumentationType Service Service methods should find an element" name="Service Tests DocumentationType Service Service methods should find an element" time="0.025">
    </testcase>
    <testcase classname="Service Tests DocumentationType Service Service methods should create a DocumentationType" name="Service Tests DocumentationType Service Service methods should create a DocumentationType" time="0.025">
    </testcase>
    <testcase classname="Service Tests DocumentationType Service Service methods should update a DocumentationType" name="Service Tests DocumentationType Service Service methods should update a DocumentationType" time="0.019">
    </testcase>
    <testcase classname="Service Tests DocumentationType Service Service methods should return a list of DocumentationType" name="Service Tests DocumentationType Service Service methods should return a list of DocumentationType" time="0.023">
    </testcase>
    <testcase classname="Service Tests DocumentationType Service Service methods should delete a DocumentationType" name="Service Tests DocumentationType Service Service methods should delete a DocumentationType" time="0.022">
    </testcase>
  </testsuite>
  <testsuite name="Component Tests" errors="0" failures="0" skipped="0" timestamp="2021-06-24T16:28:47" time="1.094" tests="1">
    <testcase classname="Component Tests FormaDePago Management Detail Component OnInit Should call load all on init" name="Component Tests FormaDePago Management Detail Component OnInit Should call load all on init" time="0.066">
    </testcase>
  </testsuite>
  <testsuite name="Component Tests" errors="0" failures="0" skipped="0" timestamp="2021-06-24T16:28:48" time="1.113" tests="1">
    <testcase classname="Component Tests Proveedor Management Delete Component confirmDelete Should call delete service on confirmDelete" name="Component Tests Proveedor Management Delete Component confirmDelete Should call delete service on confirmDelete" time="0.099">
    </testcase>
  </testsuite>
  <testsuite name="Component Tests" errors="0" failures="0" skipped="0" timestamp="2021-06-24T16:28:48" time="1.148" tests="1">
    <testcase classname="Component Tests Localidad Management Delete Component confirmDelete Should call delete service on confirmDelete" name="Component Tests Localidad Management Delete Component confirmDelete Should call delete service on confirmDelete" time="0.105">
    </testcase>
  </testsuite>
  <testsuite name="Component Tests" errors="0" failures="0" skipped="0" timestamp="2021-06-24T16:28:49" time="1.562" tests="1">
    <testcase classname="Component Tests TipoParteMotor Management Delete Component confirmDelete Should call delete service on confirmDelete" name="Component Tests TipoParteMotor Management Delete Component confirmDelete Should call delete service on confirmDelete" time="0.171">
    </testcase>
  </testsuite>
  <testsuite name="Component Tests" errors="0" failures="0" skipped="0" timestamp="2021-06-24T16:28:50" time="1.97" tests="1">
    <testcase classname="Component Tests EstadoOperacion Management Component Should call load all on init" name="Component Tests EstadoOperacion Management Component Should call load all on init" time="0.067">
    </testcase>
  </testsuite>
  <testsuite name="Component Tests" errors="0" failures="0" skipped="0" timestamp="2021-06-24T16:28:51" time="1.122" tests="1">
    <testcase classname="Component Tests TipoMovimiento Management Delete Component confirmDelete Should call delete service on confirmDelete" name="Component Tests TipoMovimiento Management Delete Component confirmDelete Should call delete service on confirmDelete" time="0.082">
    </testcase>
  </testsuite>
  <testsuite name="Component Tests" errors="0" failures="0" skipped="0" timestamp="2021-06-24T16:28:52" time="1.116" tests="1">
    <testcase classname="Component Tests CobranzaOperacion Management Component Should call load all on init" name="Component Tests CobranzaOperacion Management Component Should call load all on init" time="0.088">
    </testcase>
  </testsuite>
  <testsuite name="Component Tests" errors="0" failures="0" skipped="0" timestamp="2021-06-24T16:28:52" time="1.079" tests="1">
    <testcase classname="Component Tests TipoRepuesto Management Delete Component confirmDelete Should call delete service on confirmDelete" name="Component Tests TipoRepuesto Management Delete Component confirmDelete Should call delete service on confirmDelete" time="0.094">
    </testcase>
  </testsuite>
  <testsuite name="Component Tests" errors="0" failures="0" skipped="0" timestamp="2021-06-24T16:28:53" time="1.072" tests="1">
    <testcase classname="Component Tests PagoEfectivo Management Component Should call load all on init" name="Component Tests PagoEfectivo Management Component Should call load all on init" time="0.07">
    </testcase>
  </testsuite>
  <testsuite name="Component Tests" errors="0" failures="0" skipped="0" timestamp="2021-06-24T16:28:53" time="1.062" tests="1">
    <testcase classname="Component Tests ListaPrecioRectificacionCRAM Management Component Should call load all on init" name="Component Tests ListaPrecioRectificacionCRAM Management Component Should call load all on init" time="0.072">
    </testcase>
  </testsuite>
  <testsuite name="Component Tests" errors="0" failures="0" skipped="0" timestamp="2021-06-24T16:28:54" time="1.089" tests="1">
    <testcase classname="Component Tests Operacion Management Delete Component confirmDelete Should call delete service on confirmDelete" name="Component Tests Operacion Management Delete Component confirmDelete Should call delete service on confirmDelete" time="0.065">
    </testcase>
  </testsuite>
  <testsuite name="Service Tests" errors="0" failures="0" skipped="0" timestamp="2021-06-24T16:28:54" time="1.003" tests="5">
    <testcase classname="Service Tests SubCategoria Service Service methods should find an element" name="Service Tests SubCategoria Service Service methods should find an element" time="0.025">
    </testcase>
    <testcase classname="Service Tests SubCategoria Service Service methods should create a SubCategoria" name="Service Tests SubCategoria Service Service methods should create a SubCategoria" time="0.017">
    </testcase>
    <testcase classname="Service Tests SubCategoria Service Service methods should update a SubCategoria" name="Service Tests SubCategoria Service Service methods should update a SubCategoria" time="0.029">
    </testcase>
    <testcase classname="Service Tests SubCategoria Service Service methods should return a list of SubCategoria" name="Service Tests SubCategoria Service Service methods should return a list of SubCategoria" time="0.018">
    </testcase>
    <testcase classname="Service Tests SubCategoria Service Service methods should delete a SubCategoria" name="Service Tests SubCategoria Service Service methods should delete a SubCategoria" time="0.02">
    </testcase>
  </testsuite>
  <testsuite name="Component Tests" errors="0" failures="0" skipped="0" timestamp="2021-06-24T16:28:55" time="1.054" tests="1">
    <testcase classname="Component Tests SubCategoria Management Detail Component OnInit Should call load all on init" name="Component Tests SubCategoria Management Detail Component OnInit Should call load all on init" time="0.081">
    </testcase>
  </testsuite>
  <testsuite name="Component Tests" errors="0" failures="0" skipped="0" timestamp="2021-06-24T16:28:55" time="1.097" tests="1">
    <testcase classname="Component Tests DetallePresupuesto Management Component Should call load all on init" name="Component Tests DetallePresupuesto Management Component Should call load all on init" time="0.092">
    </testcase>
  </testsuite>
  <testsuite name="Service Tests" errors="0" failures="0" skipped="0" timestamp="2021-06-24T16:28:56" time="1.023" tests="5">
    <testcase classname="Service Tests EstadoCobranzaOperacion Service Service methods should find an element" name="Service Tests EstadoCobranzaOperacion Service Service methods should find an element" time="0.027">
    </testcase>
    <testcase classname="Service Tests EstadoCobranzaOperacion Service Service methods should create a EstadoCobranzaOperacion" name="Service Tests EstadoCobranzaOperacion Service Service methods should create a EstadoCobranzaOperacion" time="0.054">
    </testcase>
    <testcase classname="Service Tests EstadoCobranzaOperacion Service Service methods should update a EstadoCobranzaOperacion" name="Service Tests EstadoCobranzaOperacion Service Service methods should update a EstadoCobranzaOperacion" time="0.016">
    </testcase>
    <testcase classname="Service Tests EstadoCobranzaOperacion Service Service methods should return a list of EstadoCobranzaOperacion" name="Service Tests EstadoCobranzaOperacion Service Service methods should return a list of EstadoCobranzaOperacion" time="0.028">
    </testcase>
    <testcase classname="Service Tests EstadoCobranzaOperacion Service Service methods should delete a EstadoCobranzaOperacion" name="Service Tests EstadoCobranzaOperacion Service Service methods should delete a EstadoCobranzaOperacion" time="0.017">
    </testcase>
  </testsuite>
  <testsuite name="Service Tests" errors="0" failures="0" skipped="0" timestamp="2021-06-24T16:28:56" time="1.018" tests="5">
    <testcase classname="Service Tests EstadoArticulo Service Service methods should find an element" name="Service Tests EstadoArticulo Service Service methods should find an element" time="0.049">
    </testcase>
    <testcase classname="Service Tests EstadoArticulo Service Service methods should create a EstadoArticulo" name="Service Tests EstadoArticulo Service Service methods should create a EstadoArticulo" time="0.025">
    </testcase>
    <testcase classname="Service Tests EstadoArticulo Service Service methods should update a EstadoArticulo" name="Service Tests EstadoArticulo Service Service methods should update a EstadoArticulo" time="0.027">
    </testcase>
    <testcase classname="Service Tests EstadoArticulo Service Service methods should return a list of EstadoArticulo" name="Service Tests EstadoArticulo Service Service methods should return a list of EstadoArticulo" time="0.02">
    </testcase>
    <testcase classname="Service Tests EstadoArticulo Service Service methods should delete a EstadoArticulo" name="Service Tests EstadoArticulo Service Service methods should delete a EstadoArticulo" time="0.027">
    </testcase>
  </testsuite>
  <testsuite name="Component Tests" errors="0" failures="0" skipped="0" timestamp="2021-06-24T16:28:57" time="1.054" tests="1">
    <testcase classname="Component Tests MedidaArticulo Management Detail Component OnInit Should call load all on init" name="Component Tests MedidaArticulo Management Detail Component OnInit Should call load all on init" time="0.059">
    </testcase>
  </testsuite>
  <testsuite name="Service Tests" errors="0" failures="0" skipped="0" timestamp="2021-06-24T16:28:57" time="0.993" tests="5">
    <testcase classname="Service Tests MedioDePagoCheque Service Service methods should find an element" name="Service Tests MedioDePagoCheque Service Service methods should find an element" time="0.025">
    </testcase>
    <testcase classname="Service Tests MedioDePagoCheque Service Service methods should create a MedioDePagoCheque" name="Service Tests MedioDePagoCheque Service Service methods should create a MedioDePagoCheque" time="0.024">
    </testcase>
    <testcase classname="Service Tests MedioDePagoCheque Service Service methods should update a MedioDePagoCheque" name="Service Tests MedioDePagoCheque Service Service methods should update a MedioDePagoCheque" time="0.021">
    </testcase>
    <testcase classname="Service Tests MedioDePagoCheque Service Service methods should return a list of MedioDePagoCheque" name="Service Tests MedioDePagoCheque Service Service methods should return a list of MedioDePagoCheque" time="0.023">
    </testcase>
    <testcase classname="Service Tests MedioDePagoCheque Service Service methods should delete a MedioDePagoCheque" name="Service Tests MedioDePagoCheque Service Service methods should delete a MedioDePagoCheque" time="0.023">
    </testcase>
  </testsuite>
  <testsuite name="Service Tests" errors="0" failures="0" skipped="0" timestamp="2021-06-24T16:28:58" time="0.984" tests="5">
    <testcase classname="Service Tests CostoRepuesto Service Service methods should find an element" name="Service Tests CostoRepuesto Service Service methods should find an element" time="0.024">
    </testcase>
    <testcase classname="Service Tests CostoRepuesto Service Service methods should create a CostoRepuesto" name="Service Tests CostoRepuesto Service Service methods should create a CostoRepuesto" time="0.018">
    </testcase>
    <testcase classname="Service Tests CostoRepuesto Service Service methods should update a CostoRepuesto" name="Service Tests CostoRepuesto Service Service methods should update a CostoRepuesto" time="0.042">
    </testcase>
    <testcase classname="Service Tests CostoRepuesto Service Service methods should return a list of CostoRepuesto" name="Service Tests CostoRepuesto Service Service methods should return a list of CostoRepuesto" time="0.019">
    </testcase>
    <testcase classname="Service Tests CostoRepuesto Service Service methods should delete a CostoRepuesto" name="Service Tests CostoRepuesto Service Service methods should delete a CostoRepuesto" time="0.02">
    </testcase>
  </testsuite>
  <testsuite name="Component Tests" errors="0" failures="0" skipped="0" timestamp="2021-06-24T16:28:58" time="1.132" tests="1">
    <testcase classname="Component Tests Aplicacion Management Delete Component confirmDelete Should call delete service on confirmDelete" name="Component Tests Aplicacion Management Delete Component confirmDelete Should call delete service on confirmDelete" time="0.115">
    </testcase>
  </testsuite>
  <testsuite name="Component Tests" errors="0" failures="0" skipped="0" timestamp="2021-06-24T16:28:59" time="1.599" tests="1">
    <testcase classname="Component Tests PagoEfectivo Management Detail Component OnInit Should call load all on init" name="Component Tests PagoEfectivo Management Detail Component OnInit Should call load all on init" time="0.11">
    </testcase>
  </testsuite>
  <testsuite name="Component Tests" errors="0" failures="0" skipped="0" timestamp="2021-06-24T16:28:59" time="1.583" tests="1">
    <testcase classname="Component Tests Sucursal Management Detail Component OnInit Should call load all on init" name="Component Tests Sucursal Management Detail Component OnInit Should call load all on init" time="0.099">
    </testcase>
  </testsuite>
  <testsuite name="Component Tests" errors="0" failures="0" skipped="0" timestamp="2021-06-24T16:29:01" time="1.489" tests="1">
    <testcase classname="Component Tests EstadoMovimiento Management Component Should call load all on init" name="Component Tests EstadoMovimiento Management Component Should call load all on init" time="0.067">
    </testcase>
  </testsuite>
  <testsuite name="Component Tests" errors="0" failures="0" skipped="0" timestamp="2021-06-24T16:29:01" time="1.45" tests="1">
    <testcase classname="Component Tests EstadoArticulo Management Component Should call load all on init" name="Component Tests EstadoArticulo Management Component Should call load all on init" time="0.075">
    </testcase>
  </testsuite>
  <testsuite name="Component Tests" errors="0" failures="0" skipped="0" timestamp="2021-06-24T16:29:03" time="1.099" tests="1">
    <testcase classname="Component Tests PrecioRepuesto Management Delete Component confirmDelete Should call delete service on confirmDelete" name="Component Tests PrecioRepuesto Management Delete Component confirmDelete Should call delete service on confirmDelete" time="0.092">
    </testcase>
  </testsuite>
  <testsuite name="Component Tests" errors="0" failures="0" skipped="0" timestamp="2021-06-24T16:29:03" time="1.082" tests="1">
    <testcase classname="Component Tests SubCategoria Management Delete Component confirmDelete Should call delete service on confirmDelete" name="Component Tests SubCategoria Management Delete Component confirmDelete Should call delete service on confirmDelete" time="0.099">
    </testcase>
  </testsuite>
  <testsuite name="Service Tests" errors="0" failures="0" skipped="0" timestamp="2021-06-24T16:29:04" time="1.044" tests="5">
    <testcase classname="Service Tests Aplicacion Service Service methods should find an element" name="Service Tests Aplicacion Service Service methods should find an element" time="0.026">
    </testcase>
    <testcase classname="Service Tests Aplicacion Service Service methods should create a Aplicacion" name="Service Tests Aplicacion Service Service methods should create a Aplicacion" time="0.018">
    </testcase>
    <testcase classname="Service Tests Aplicacion Service Service methods should update a Aplicacion" name="Service Tests Aplicacion Service Service methods should update a Aplicacion" time="0.026">
    </testcase>
    <testcase classname="Service Tests Aplicacion Service Service methods should return a list of Aplicacion" name="Service Tests Aplicacion Service Service methods should return a list of Aplicacion" time="0.026">
    </testcase>
    <testcase classname="Service Tests Aplicacion Service Service methods should delete a Aplicacion" name="Service Tests Aplicacion Service Service methods should delete a Aplicacion" time="0.023">
    </testcase>
  </testsuite>
  <testsuite name="Component Tests" errors="0" failures="0" skipped="0" timestamp="2021-06-24T16:29:04" time="1.102" tests="1">
    <testcase classname="Component Tests EstadoPresupuesto Management Delete Component confirmDelete Should call delete service on confirmDelete" name="Component Tests EstadoPresupuesto Management Delete Component confirmDelete Should call delete service on confirmDelete" time="0.068">
    </testcase>
  </testsuite>
  <testsuite name="Component Tests" errors="0" failures="0" skipped="0" timestamp="2021-06-24T16:29:05" time="1.109" tests="1">
    <testcase classname="Component Tests Cilindrada Management Component Should call load all on init" name="Component Tests Cilindrada Management Component Should call load all on init" time="0.085">
    </testcase>
  </testsuite>
  <testsuite name="Component Tests" errors="0" failures="0" skipped="0" timestamp="2021-06-24T16:29:05" time="1.05" tests="1">
    <testcase classname="Component Tests Presupuesto Management Detail Component OnInit Should call load all on init" name="Component Tests Presupuesto Management Detail Component OnInit Should call load all on init" time="0.074">
    </testcase>
  </testsuite>
  <testsuite name="Service Tests" errors="0" failures="0" skipped="0" timestamp="2021-06-24T16:29:06" time="1.093" tests="5">
    <testcase classname="Service Tests Cilindrada Service Service methods should find an element" name="Service Tests Cilindrada Service Service methods should find an element" time="0.027">
    </testcase>
    <testcase classname="Service Tests Cilindrada Service Service methods should create a Cilindrada" name="Service Tests Cilindrada Service Service methods should create a Cilindrada" time="0.041">
    </testcase>
    <testcase classname="Service Tests Cilindrada Service Service methods should update a Cilindrada" name="Service Tests Cilindrada Service Service methods should update a Cilindrada" time="0.024">
    </testcase>
    <testcase classname="Service Tests Cilindrada Service Service methods should return a list of Cilindrada" name="Service Tests Cilindrada Service Service methods should return a list of Cilindrada" time="0.024">
    </testcase>
    <testcase classname="Service Tests Cilindrada Service Service methods should delete a Cilindrada" name="Service Tests Cilindrada Service Service methods should delete a Cilindrada" time="0.024">
    </testcase>
  </testsuite>
  <testsuite name="Component Tests" errors="0" failures="0" skipped="0" timestamp="2021-06-24T16:29:06" time="1.203" tests="1">
    <testcase classname="Component Tests ListaPrecioDesdeHasta Management Delete Component confirmDelete Should call delete service on confirmDelete" name="Component Tests ListaPrecioDesdeHasta Management Delete Component confirmDelete Should call delete service on confirmDelete" time="0.12">
    </testcase>
  </testsuite>
  <testsuite name="Service Tests" errors="0" failures="0" skipped="0" timestamp="2021-06-24T16:29:07" time="1.044" tests="5">
    <testcase classname="Service Tests CobranzaOperacion Service Service methods should find an element" name="Service Tests CobranzaOperacion Service Service methods should find an element" time="0.028">
    </testcase>
    <testcase classname="Service Tests CobranzaOperacion Service Service methods should create a CobranzaOperacion" name="Service Tests CobranzaOperacion Service Service methods should create a CobranzaOperacion" time="0.027">
    </testcase>
    <testcase classname="Service Tests CobranzaOperacion Service Service methods should update a CobranzaOperacion" name="Service Tests CobranzaOperacion Service Service methods should update a CobranzaOperacion" time="0.023">
    </testcase>
    <testcase classname="Service Tests CobranzaOperacion Service Service methods should return a list of CobranzaOperacion" name="Service Tests CobranzaOperacion Service Service methods should return a list of CobranzaOperacion" time="0.017">
    </testcase>
    <testcase classname="Service Tests CobranzaOperacion Service Service methods should delete a CobranzaOperacion" name="Service Tests CobranzaOperacion Service Service methods should delete a CobranzaOperacion" time="0.018">
    </testcase>
  </testsuite>
  <testsuite name="Component Tests" errors="0" failures="0" skipped="0" timestamp="2021-06-24T16:29:07" time="1.337" tests="1">
    <testcase classname="Component Tests EstadoMovimiento Management Delete Component confirmDelete Should call delete service on confirmDelete" name="Component Tests EstadoMovimiento Management Delete Component confirmDelete Should call delete service on confirmDelete" time="0.137">
    </testcase>
  </testsuite>
  <testsuite name="Component Tests" errors="0" failures="0" skipped="0" timestamp="2021-06-24T16:29:09" time="1.259" tests="1">
    <testcase classname="Component Tests PagoEfectivo Management Delete Component confirmDelete Should call delete service on confirmDelete" name="Component Tests PagoEfectivo Management Delete Component confirmDelete Should call delete service on confirmDelete" time="0.065">
    </testcase>
  </testsuite>
  <testsuite name="Component Tests" errors="0" failures="0" skipped="0" timestamp="2021-06-24T16:29:08" time="1.91" tests="1">
    <testcase classname="Component Tests DetallePresupuesto Management Detail Component OnInit Should call load all on init" name="Component Tests DetallePresupuesto Management Detail Component OnInit Should call load all on init" time="0.062">
    </testcase>
  </testsuite>
  <testsuite name="Service Tests" errors="0" failures="0" skipped="0" timestamp="2021-06-24T16:29:10" time="1.023" tests="5">
    <testcase classname="Service Tests Empleado Service Service methods should find an element" name="Service Tests Empleado Service Service methods should find an element" time="0.025">
    </testcase>
    <testcase classname="Service Tests Empleado Service Service methods should create a Empleado" name="Service Tests Empleado Service Service methods should create a Empleado" time="0.017">
    </testcase>
    <testcase classname="Service Tests Empleado Service Service methods should update a Empleado" name="Service Tests Empleado Service Service methods should update a Empleado" time="0.044">
    </testcase>
    <testcase classname="Service Tests Empleado Service Service methods should return a list of Empleado" name="Service Tests Empleado Service Service methods should return a list of Empleado" time="0.025">
    </testcase>
    <testcase classname="Service Tests Empleado Service Service methods should delete a Empleado" name="Service Tests Empleado Service Service methods should delete a Empleado" time="0.017">
    </testcase>
  </testsuite>
  <testsuite name="Component Tests" errors="0" failures="0" skipped="0" timestamp="2021-06-24T16:29:10" time="1.151" tests="1">
    <testcase classname="Component Tests CostoRepuestoProveedor Management Delete Component confirmDelete Should call delete service on confirmDelete" name="Component Tests CostoRepuestoProveedor Management Delete Component confirmDelete Should call delete service on confirmDelete" time="0.083">
    </testcase>
  </testsuite>
  <testsuite name="Component Tests" errors="0" failures="0" skipped="0" timestamp="2021-06-24T16:29:11" time="1.117" tests="1">
    <testcase classname="Component Tests DetallePedido Management Component Should call load all on init" name="Component Tests DetallePedido Management Component Should call load all on init" time="0.066">
    </testcase>
  </testsuite>
  <testsuite name="Component Tests" errors="0" failures="0" skipped="0" timestamp="2021-06-24T16:29:11" time="1.076" tests="1">
    <testcase classname="Component Tests CategoriaPago Management Detail Component OnInit Should call load all on init" name="Component Tests CategoriaPago Management Detail Component OnInit Should call load all on init" time="0.072">
    </testcase>
  </testsuite>
  <testsuite name="Component Tests" errors="0" failures="0" skipped="0" timestamp="2021-06-24T16:29:12" time="1.117" tests="1">
    <testcase classname="Component Tests Caja Management Delete Component confirmDelete Should call delete service on confirmDelete" name="Component Tests Caja Management Delete Component confirmDelete Should call delete service on confirmDelete" time="0.1">
    </testcase>
  </testsuite>
  <testsuite name="Service Tests" errors="0" failures="0" skipped="0" timestamp="2021-06-24T16:29:12" time="0.99" tests="5">
    <testcase classname="Service Tests EstadoCostoRepuesto Service Service methods should find an element" name="Service Tests EstadoCostoRepuesto Service Service methods should find an element" time="0.036">
    </testcase>
    <testcase classname="Service Tests EstadoCostoRepuesto Service Service methods should create a EstadoCostoRepuesto" name="Service Tests EstadoCostoRepuesto Service Service methods should create a EstadoCostoRepuesto" time="0.021">
    </testcase>
    <testcase classname="Service Tests EstadoCostoRepuesto Service Service methods should update a EstadoCostoRepuesto" name="Service Tests EstadoCostoRepuesto Service Service methods should update a EstadoCostoRepuesto" time="0.02">
    </testcase>
    <testcase classname="Service Tests EstadoCostoRepuesto Service Service methods should return a list of EstadoCostoRepuesto" name="Service Tests EstadoCostoRepuesto Service Service methods should return a list of EstadoCostoRepuesto" time="0.022">
    </testcase>
    <testcase classname="Service Tests EstadoCostoRepuesto Service Service methods should delete a EstadoCostoRepuesto" name="Service Tests EstadoCostoRepuesto Service Service methods should delete a EstadoCostoRepuesto" time="0.019">
    </testcase>
  </testsuite>
  <testsuite name="Service Tests" errors="0" failures="0" skipped="0" timestamp="2021-06-24T16:29:13" time="1.006" tests="5">
    <testcase classname="Service Tests PagoEfectivo Service Service methods should find an element" name="Service Tests PagoEfectivo Service Service methods should find an element" time="0.026">
    </testcase>
    <testcase classname="Service Tests PagoEfectivo Service Service methods should create a PagoEfectivo" name="Service Tests PagoEfectivo Service Service methods should create a PagoEfectivo" time="0.042">
    </testcase>
    <testcase classname="Service Tests PagoEfectivo Service Service methods should update a PagoEfectivo" name="Service Tests PagoEfectivo Service Service methods should update a PagoEfectivo" time="0.018">
    </testcase>
    <testcase classname="Service Tests PagoEfectivo Service Service methods should return a list of PagoEfectivo" name="Service Tests PagoEfectivo Service Service methods should return a list of PagoEfectivo" time="0.024">
    </testcase>
    <testcase classname="Service Tests PagoEfectivo Service Service methods should delete a PagoEfectivo" name="Service Tests PagoEfectivo Service Service methods should delete a PagoEfectivo" time="0.02">
    </testcase>
  </testsuite>
  <testsuite name="Component Tests" errors="0" failures="0" skipped="0" timestamp="2021-06-24T16:29:13" time="1.084" tests="1">
    <testcase classname="Component Tests TipoDetalleMovimiento Management Delete Component confirmDelete Should call delete service on confirmDelete" name="Component Tests TipoDetalleMovimiento Management Delete Component confirmDelete Should call delete service on confirmDelete" time="0.1">
    </testcase>
  </testsuite>
  <testsuite name="Service Tests" errors="0" failures="0" skipped="0" timestamp="2021-06-24T16:29:14" time="1.015" tests="5">
    <testcase classname="Service Tests DetalleMovimiento Service Service methods should find an element" name="Service Tests DetalleMovimiento Service Service methods should find an element" time="0.025">
    </testcase>
    <testcase classname="Service Tests DetalleMovimiento Service Service methods should create a DetalleMovimiento" name="Service Tests DetalleMovimiento Service Service methods should create a DetalleMovimiento" time="0.019">
    </testcase>
    <testcase classname="Service Tests DetalleMovimiento Service Service methods should update a DetalleMovimiento" name="Service Tests DetalleMovimiento Service Service methods should update a DetalleMovimiento" time="0.03">
    </testcase>
    <testcase classname="Service Tests DetalleMovimiento Service Service methods should return a list of DetalleMovimiento" name="Service Tests DetalleMovimiento Service Service methods should return a list of DetalleMovimiento" time="0.021">
    </testcase>
    <testcase classname="Service Tests DetalleMovimiento Service Service methods should delete a DetalleMovimiento" name="Service Tests DetalleMovimiento Service Service methods should delete a DetalleMovimiento" time="0.023">
    </testcase>
  </testsuite>
  <testsuite name="Component Tests" errors="0" failures="0" skipped="0" timestamp="2021-06-24T16:29:15" time="1.053" tests="1">
    <testcase classname="Component Tests Movimiento Management Detail Component OnInit Should call load all on init" name="Component Tests Movimiento Management Detail Component OnInit Should call load all on init" time="0.061">
    </testcase>
  </testsuite>
  <testsuite name="Component Tests" errors="0" failures="0" skipped="0" timestamp="2021-06-24T16:29:15" time="1.083" tests="1">
    <testcase classname="Component Tests PrecioRepuesto Management Detail Component OnInit Should call load all on init" name="Component Tests PrecioRepuesto Management Detail Component OnInit Should call load all on init" time="0.087">
    </testcase>
  </testsuite>
  <testsuite name="Service Tests" errors="0" failures="0" skipped="0" timestamp="2021-06-24T16:29:16" time="1.016" tests="5">
    <testcase classname="Service Tests MovimientoArticulo Service Service methods should find an element" name="Service Tests MovimientoArticulo Service Service methods should find an element" time="0.025">
    </testcase>
    <testcase classname="Service Tests MovimientoArticulo Service Service methods should create a MovimientoArticulo" name="Service Tests MovimientoArticulo Service Service methods should create a MovimientoArticulo" time="0.029">
    </testcase>
    <testcase classname="Service Tests MovimientoArticulo Service Service methods should update a MovimientoArticulo" name="Service Tests MovimientoArticulo Service Service methods should update a MovimientoArticulo" time="0.015">
    </testcase>
    <testcase classname="Service Tests MovimientoArticulo Service Service methods should return a list of MovimientoArticulo" name="Service Tests MovimientoArticulo Service Service methods should return a list of MovimientoArticulo" time="0.024">
    </testcase>
    <testcase classname="Service Tests MovimientoArticulo Service Service methods should delete a MovimientoArticulo" name="Service Tests MovimientoArticulo Service Service methods should delete a MovimientoArticulo" time="0.02">
    </testcase>
  </testsuite>
  <testsuite name="Service Tests" errors="0" failures="0" skipped="0" timestamp="2021-06-24T16:29:16" time="1.005" tests="5">
    <testcase classname="Service Tests TipoRepuesto Service Service methods should find an element" name="Service Tests TipoRepuesto Service Service methods should find an element" time="0.026">
    </testcase>
    <testcase classname="Service Tests TipoRepuesto Service Service methods should create a TipoRepuesto" name="Service Tests TipoRepuesto Service Service methods should create a TipoRepuesto" time="0.045">
    </testcase>
    <testcase classname="Service Tests TipoRepuesto Service Service methods should update a TipoRepuesto" name="Service Tests TipoRepuesto Service Service methods should update a TipoRepuesto" time="0.023">
    </testcase>
    <testcase classname="Service Tests TipoRepuesto Service Service methods should return a list of TipoRepuesto" name="Service Tests TipoRepuesto Service Service methods should return a list of TipoRepuesto" time="0.02">
    </testcase>
    <testcase classname="Service Tests TipoRepuesto Service Service methods should delete a TipoRepuesto" name="Service Tests TipoRepuesto Service Service methods should delete a TipoRepuesto" time="0.023">
    </testcase>
  </testsuite>
  <testsuite name="Service Tests" errors="0" failures="0" skipped="0" timestamp="2021-06-24T16:29:17" time="1.019" tests="5">
    <testcase classname="Service Tests EstadoPresupuesto Service Service methods should find an element" name="Service Tests EstadoPresupuesto Service Service methods should find an element" time="0.032">
    </testcase>
    <testcase classname="Service Tests EstadoPresupuesto Service Service methods should create a EstadoPresupuesto" name="Service Tests EstadoPresupuesto Service Service methods should create a EstadoPresupuesto" time="0.018">
    </testcase>
    <testcase classname="Service Tests EstadoPresupuesto Service Service methods should update a EstadoPresupuesto" name="Service Tests EstadoPresupuesto Service Service methods should update a EstadoPresupuesto" time="0.044">
    </testcase>
    <testcase classname="Service Tests EstadoPresupuesto Service Service methods should return a list of EstadoPresupuesto" name="Service Tests EstadoPresupuesto Service Service methods should return a list of EstadoPresupuesto" time="0.021">
    </testcase>
    <testcase classname="Service Tests EstadoPresupuesto Service Service methods should delete a EstadoPresupuesto" name="Service Tests EstadoPresupuesto Service Service methods should delete a EstadoPresupuesto" time="0.017">
    </testcase>
  </testsuite>
  <testsuite name="Service Tests" errors="0" failures="0" skipped="0" timestamp="2021-06-24T16:29:18" time="1.023" tests="5">
    <testcase classname="Service Tests MedidaArticulo Service Service methods should find an element" name="Service Tests MedidaArticulo Service Service methods should find an element" time="0.025">
    </testcase>
    <testcase classname="Service Tests MedidaArticulo Service Service methods should create a MedidaArticulo" name="Service Tests MedidaArticulo Service Service methods should create a MedidaArticulo" time="0.021">
    </testcase>
    <testcase classname="Service Tests MedidaArticulo Service Service methods should update a MedidaArticulo" name="Service Tests MedidaArticulo Service Service methods should update a MedidaArticulo" time="0.026">
    </testcase>
    <testcase classname="Service Tests MedidaArticulo Service Service methods should return a list of MedidaArticulo" name="Service Tests MedidaArticulo Service Service methods should return a list of MedidaArticulo" time="0.026">
    </testcase>
    <testcase classname="Service Tests MedidaArticulo Service Service methods should delete a MedidaArticulo" name="Service Tests MedidaArticulo Service Service methods should delete a MedidaArticulo" time="0.014">
    </testcase>
  </testsuite>
  <testsuite name="Component Tests" errors="0" failures="0" skipped="0" timestamp="2021-06-24T16:29:18" time="1.112" tests="1">
    <testcase classname="Component Tests ListaPrecioDesdeHasta Management Detail Component OnInit Should call load all on init" name="Component Tests ListaPrecioDesdeHasta Management Detail Component OnInit Should call load all on init" time="0.087">
    </testcase>
  </testsuite>
  <testsuite name="Service Tests" errors="0" failures="0" skipped="0" timestamp="2021-06-24T16:29:19" time="1.045" tests="5">
    <testcase classname="Service Tests StockArticulo Service Service methods should find an element" name="Service Tests StockArticulo Service Service methods should find an element" time="0.024">
    </testcase>
    <testcase classname="Service Tests StockArticulo Service Service methods should create a StockArticulo" name="Service Tests StockArticulo Service Service methods should create a StockArticulo" time="0.018">
    </testcase>
    <testcase classname="Service Tests StockArticulo Service Service methods should update a StockArticulo" name="Service Tests StockArticulo Service Service methods should update a StockArticulo" time="0.021">
    </testcase>
    <testcase classname="Service Tests StockArticulo Service Service methods should return a list of StockArticulo" name="Service Tests StockArticulo Service Service methods should return a list of StockArticulo" time="0.048">
    </testcase>
    <testcase classname="Service Tests StockArticulo Service Service methods should delete a StockArticulo" name="Service Tests StockArticulo Service Service methods should delete a StockArticulo" time="0.02">
    </testcase>
  </testsuite>
  <testsuite name="Service Tests" errors="0" failures="0" skipped="0" timestamp="2021-06-24T16:29:19" time="0.995" tests="5">
    <testcase classname="Service Tests EstadoPersona Service Service methods should find an element" name="Service Tests EstadoPersona Service Service methods should find an element" time="0.03">
    </testcase>
    <testcase classname="Service Tests EstadoPersona Service Service methods should create a EstadoPersona" name="Service Tests EstadoPersona Service Service methods should create a EstadoPersona" time="0.02">
    </testcase>
    <testcase classname="Service Tests EstadoPersona Service Service methods should update a EstadoPersona" name="Service Tests EstadoPersona Service Service methods should update a EstadoPersona" time="0.017">
    </testcase>
    <testcase classname="Service Tests EstadoPersona Service Service methods should return a list of EstadoPersona" name="Service Tests EstadoPersona Service Service methods should return a list of EstadoPersona" time="0.018">
    </testcase>
    <testcase classname="Service Tests EstadoPersona Service Service methods should delete a EstadoPersona" name="Service Tests EstadoPersona Service Service methods should delete a EstadoPersona" time="0.027">
    </testcase>
  </testsuite>
  <testsuite name="Service Tests" errors="0" failures="0" skipped="0" timestamp="2021-06-24T16:29:20" time="1.005" tests="5">
    <testcase classname="Service Tests EstadoOperacion Service Service methods should find an element" name="Service Tests EstadoOperacion Service Service methods should find an element" time="0.028">
    </testcase>
    <testcase classname="Service Tests EstadoOperacion Service Service methods should create a EstadoOperacion" name="Service Tests EstadoOperacion Service Service methods should create a EstadoOperacion" time="0.052">
    </testcase>
    <testcase classname="Service Tests EstadoOperacion Service Service methods should update a EstadoOperacion" name="Service Tests EstadoOperacion Service Service methods should update a EstadoOperacion" time="0.015">
    </testcase>
    <testcase classname="Service Tests EstadoOperacion Service Service methods should return a list of EstadoOperacion" name="Service Tests EstadoOperacion Service Service methods should return a list of EstadoOperacion" time="0.018">
    </testcase>
    <testcase classname="Service Tests EstadoOperacion Service Service methods should delete a EstadoOperacion" name="Service Tests EstadoOperacion Service Service methods should delete a EstadoOperacion" time="0.018">
    </testcase>
  </testsuite>
  <testsuite name="Component Tests" errors="0" failures="0" skipped="0" timestamp="2021-06-24T16:29:20" time="1.056" tests="1">
    <testcase classname="Component Tests PedidoRepuesto Management Detail Component OnInit Should call load all on init" name="Component Tests PedidoRepuesto Management Detail Component OnInit Should call load all on init" time="0.088">
    </testcase>
  </testsuite>
  <testsuite name="Component Tests" errors="0" failures="0" skipped="0" timestamp="2021-06-24T16:29:21" time="1.128" tests="1">
    <testcase classname="Component Tests Movimiento Management Delete Component confirmDelete Should call delete service on confirmDelete" name="Component Tests Movimiento Management Delete Component confirmDelete Should call delete service on confirmDelete" time="0.063">
    </testcase>
  </testsuite>
  <testsuite name="Service Tests" errors="0" failures="0" skipped="0" timestamp="2021-06-24T16:29:21" time="1.197" tests="8">
    <testcase classname="Service Tests Account Service Service methods should call /account if user is undefined" name="Service Tests Account Service Service methods should call /account if user is undefined" time="0.03">
    </testcase>
    <testcase classname="Service Tests Account Service Service methods should call /account only once" name="Service Tests Account Service Service methods should call /account only once" time="0.02">
    </testcase>
    <testcase classname="Service Tests Account Service Service methods hasAuthority should return false if user is not logged" name="Service Tests Account Service Service methods hasAuthority should return false if user is not logged" time="0.023">
    </testcase>
    <testcase classname="Service Tests Account Service Service methods hasAuthority should return false if user is logged and has not authority" name="Service Tests Account Service Service methods hasAuthority should return false if user is logged and has not authority" time="0.02">
    </testcase>
    <testcase classname="Service Tests Account Service Service methods hasAuthority should return true if user is logged and has authority" name="Service Tests Account Service Service methods hasAuthority should return true if user is logged and has authority" time="0.024">
    </testcase>
    <testcase classname="Service Tests Account Service Service methods hasAnyAuthority should return false if user is not logged" name="Service Tests Account Service Service methods hasAnyAuthority should return false if user is not logged" time="0.045">
    </testcase>
    <testcase classname="Service Tests Account Service Service methods hasAnyAuthority should return false if user is logged and has not authority" name="Service Tests Account Service Service methods hasAnyAuthority should return false if user is logged and has not authority" time="0.018">
    </testcase>
    <testcase classname="Service Tests Account Service Service methods hasAnyAuthority should return true if user is logged and has authority" name="Service Tests Account Service Service methods hasAnyAuthority should return true if user is logged and has authority" time="0.026">
    </testcase>
  </testsuite>
  <testsuite name="Component Tests" errors="0" failures="0" skipped="0" timestamp="2021-06-24T16:29:22" time="1.093" tests="1">
    <testcase classname="Component Tests EstadoPersona Management Detail Component OnInit Should call load all on init" name="Component Tests EstadoPersona Management Detail Component OnInit Should call load all on init" time="0.097">
    </testcase>
  </testsuite>
  <testsuite name="Service Tests" errors="0" failures="0" skipped="0" timestamp="2021-06-24T16:29:22" time="1.016" tests="5">
    <testcase classname="Service Tests EstadoPedidoRepuesto Service Service methods should find an element" name="Service Tests EstadoPedidoRepuesto Service Service methods should find an element" time="0.025">
    </testcase>
    <testcase classname="Service Tests EstadoPedidoRepuesto Service Service methods should create a EstadoPedidoRepuesto" name="Service Tests EstadoPedidoRepuesto Service Service methods should create a EstadoPedidoRepuesto" time="0.018">
    </testcase>
    <testcase classname="Service Tests EstadoPedidoRepuesto Service Service methods should update a EstadoPedidoRepuesto" name="Service Tests EstadoPedidoRepuesto Service Service methods should update a EstadoPedidoRepuesto" time="0.025">
    </testcase>
    <testcase classname="Service Tests EstadoPedidoRepuesto Service Service methods should return a list of EstadoPedidoRepuesto" name="Service Tests EstadoPedidoRepuesto Service Service methods should return a list of EstadoPedidoRepuesto" time="0.025">
    </testcase>
    <testcase classname="Service Tests EstadoPedidoRepuesto Service Service methods should delete a EstadoPedidoRepuesto" name="Service Tests EstadoPedidoRepuesto Service Service methods should delete a EstadoPedidoRepuesto" time="0.024">
    </testcase>
  </testsuite>
  <testsuite name="Service Tests" errors="0" failures="0" skipped="0" timestamp="2021-06-24T16:29:23" time="1.017" tests="5">
    <testcase classname="Service Tests Direccion Service Service methods should find an element" name="Service Tests Direccion Service Service methods should find an element" time="0.057">
    </testcase>
    <testcase classname="Service Tests Direccion Service Service methods should create a Direccion" name="Service Tests Direccion Service Service methods should create a Direccion" time="0.021">
    </testcase>
    <testcase classname="Service Tests Direccion Service Service methods should update a Direccion" name="Service Tests Direccion Service Service methods should update a Direccion" time="0.018">
    </testcase>
    <testcase classname="Service Tests Direccion Service Service methods should return a list of Direccion" name="Service Tests Direccion Service Service methods should return a list of Direccion" time="0.025">
    </testcase>
    <testcase classname="Service Tests Direccion Service Service methods should delete a Direccion" name="Service Tests Direccion Service Service methods should delete a Direccion" time="0.015">
    </testcase>
  </testsuite>
  <testsuite name="Component Tests" errors="0" failures="0" skipped="0" timestamp="2021-06-24T16:29:23" time="1.053" tests="1">
    <testcase classname="Component Tests Empleado Management Detail Component OnInit Should call load all on init" name="Component Tests Empleado Management Detail Component OnInit Should call load all on init" time="0.061">
    </testcase>
  </testsuite>
  <testsuite name="Service Tests" errors="0" failures="0" skipped="0" timestamp="2021-06-24T16:29:24" time="0.996" tests="5">
    <testcase classname="Service Tests FormaDePago Service Service methods should find an element" name="Service Tests FormaDePago Service Service methods should find an element" time="0.03">
    </testcase>
    <testcase classname="Service Tests FormaDePago Service Service methods should create a FormaDePago" name="Service Tests FormaDePago Service Service methods should create a FormaDePago" time="0.02">
    </testcase>
    <testcase classname="Service Tests FormaDePago Service Service methods should update a FormaDePago" name="Service Tests FormaDePago Service Service methods should update a FormaDePago" time="0.018">
    </testcase>
    <testcase classname="Service Tests FormaDePago Service Service methods should return a list of FormaDePago" name="Service Tests FormaDePago Service Service methods should return a list of FormaDePago" time="0.019">
    </testcase>
    <testcase classname="Service Tests FormaDePago Service Service methods should delete a FormaDePago" name="Service Tests FormaDePago Service Service methods should delete a FormaDePago" time="0.017">
    </testcase>
  </testsuite>
  <testsuite name="Service Tests" errors="0" failures="0" skipped="0" timestamp="2021-06-24T16:29:24" time="0.98" tests="5">
    <testcase classname="Service Tests TipoMovimiento Service Service methods should find an element" name="Service Tests TipoMovimiento Service Service methods should find an element" time="0.025">
    </testcase>
    <testcase classname="Service Tests TipoMovimiento Service Service methods should create a TipoMovimiento" name="Service Tests TipoMovimiento Service Service methods should create a TipoMovimiento" time="0.018">
    </testcase>
    <testcase classname="Service Tests TipoMovimiento Service Service methods should update a TipoMovimiento" name="Service Tests TipoMovimiento Service Service methods should update a TipoMovimiento" time="0.041">
    </testcase>
    <testcase classname="Service Tests TipoMovimiento Service Service methods should return a list of TipoMovimiento" name="Service Tests TipoMovimiento Service Service methods should return a list of TipoMovimiento" time="0.017">
    </testcase>
    <testcase classname="Service Tests TipoMovimiento Service Service methods should delete a TipoMovimiento" name="Service Tests TipoMovimiento Service Service methods should delete a TipoMovimiento" time="0.031">
    </testcase>
  </testsuite>
  <testsuite name="Component Tests" errors="0" failures="0" skipped="0" timestamp="2021-06-24T16:29:25" time="1.054" tests="1">
    <testcase classname="Component Tests MedioDePago Management Detail Component OnInit Should call load all on init" name="Component Tests MedioDePago Management Detail Component OnInit Should call load all on init" time="0.086">
    </testcase>
  </testsuite>
  <testsuite name="Component Tests" errors="0" failures="0" skipped="0" timestamp="2021-06-24T16:29:25" time="1.072" tests="1">
    <testcase classname="Component Tests CategoriaPago Management Delete Component confirmDelete Should call delete service on confirmDelete" name="Component Tests CategoriaPago Management Delete Component confirmDelete Should call delete service on confirmDelete" time="0.064">
    </testcase>
  </testsuite>
  <testsuite name="Component Tests" errors="0" failures="0" skipped="0" timestamp="2021-06-24T16:29:26" time="1.084" tests="1">
    <testcase classname="Component Tests FormaDePago Management Delete Component confirmDelete Should call delete service on confirmDelete" name="Component Tests FormaDePago Management Delete Component confirmDelete Should call delete service on confirmDelete" time="0.064">
    </testcase>
  </testsuite>
  <testsuite name="Service Tests" errors="0" failures="0" skipped="0" timestamp="2021-06-24T16:29:27" time="1.076" tests="5">
    <testcase classname="Service Tests Cliente Service Service methods should find an element" name="Service Tests Cliente Service Service methods should find an element" time="0.038">
    </testcase>
    <testcase classname="Service Tests Cliente Service Service methods should create a Cliente" name="Service Tests Cliente Service Service methods should create a Cliente" time="0.022">
    </testcase>
    <testcase classname="Service Tests Cliente Service Service methods should update a Cliente" name="Service Tests Cliente Service Service methods should update a Cliente" time="0.022">
    </testcase>
    <testcase classname="Service Tests Cliente Service Service methods should return a list of Cliente" name="Service Tests Cliente Service Service methods should return a list of Cliente" time="0.059">
    </testcase>
    <testcase classname="Service Tests Cliente Service Service methods should delete a Cliente" name="Service Tests Cliente Service Service methods should delete a Cliente" time="0.025">
    </testcase>
  </testsuite>
  <testsuite name="Service Tests" errors="0" failures="0" skipped="0" timestamp="2021-06-24T16:29:27" time="1.079" tests="5">
    <testcase classname="Service Tests MedioDePago Service Service methods should find an element" name="Service Tests MedioDePago Service Service methods should find an element" time="0.042">
    </testcase>
    <testcase classname="Service Tests MedioDePago Service Service methods should create a MedioDePago" name="Service Tests MedioDePago Service Service methods should create a MedioDePago" time="0.027">
    </testcase>
    <testcase classname="Service Tests MedioDePago Service Service methods should update a MedioDePago" name="Service Tests MedioDePago Service Service methods should update a MedioDePago" time="0.024">
    </testcase>
    <testcase classname="Service Tests MedioDePago Service Service methods should return a list of MedioDePago" name="Service Tests MedioDePago Service Service methods should return a list of MedioDePago" time="0.027">
    </testcase>
    <testcase classname="Service Tests MedioDePago Service Service methods should delete a MedioDePago" name="Service Tests MedioDePago Service Service methods should delete a MedioDePago" time="0.044">
    </testcase>
  </testsuite>
  <testsuite name="Service Tests" errors="0" failures="0" skipped="0" timestamp="2021-06-24T16:29:28" time="1.028" tests="5">
    <testcase classname="Service Tests TipoParteMotor Service Service methods should find an element" name="Service Tests TipoParteMotor Service Service methods should find an element" time="0.026">
    </testcase>
    <testcase classname="Service Tests TipoParteMotor Service Service methods should create a TipoParteMotor" name="Service Tests TipoParteMotor Service Service methods should create a TipoParteMotor" time="0.049">
    </testcase>
    <testcase classname="Service Tests TipoParteMotor Service Service methods should update a TipoParteMotor" name="Service Tests TipoParteMotor Service Service methods should update a TipoParteMotor" time="0.021">
    </testcase>
    <testcase classname="Service Tests TipoParteMotor Service Service methods should return a list of TipoParteMotor" name="Service Tests TipoParteMotor Service Service methods should return a list of TipoParteMotor" time="0.025">
    </testcase>
    <testcase classname="Service Tests TipoParteMotor Service Service methods should delete a TipoParteMotor" name="Service Tests TipoParteMotor Service Service methods should delete a TipoParteMotor" time="0.026">
    </testcase>
  </testsuite>
  <testsuite name="Service Tests" errors="0" failures="0" skipped="0" timestamp="2021-06-24T16:29:28" time="1.04" tests="5">
    <testcase classname="Service Tests CostoOperacion Service Service methods should find an element" name="Service Tests CostoOperacion Service Service methods should find an element" time="0.025">
    </testcase>
    <testcase classname="Service Tests CostoOperacion Service Service methods should create a CostoOperacion" name="Service Tests CostoOperacion Service Service methods should create a CostoOperacion" time="0.019">
    </testcase>
    <testcase classname="Service Tests CostoOperacion Service Service methods should update a CostoOperacion" name="Service Tests CostoOperacion Service Service methods should update a CostoOperacion" time="0.054">
    </testcase>
    <testcase classname="Service Tests CostoOperacion Service Service methods should return a list of CostoOperacion" name="Service Tests CostoOperacion Service Service methods should return a list of CostoOperacion" time="0.018">
    </testcase>
    <testcase classname="Service Tests CostoOperacion Service Service methods should delete a CostoOperacion" name="Service Tests CostoOperacion Service Service methods should delete a CostoOperacion" time="0.026">
    </testcase>
  </testsuite>
  <testsuite name="Component Tests" errors="0" failures="0" skipped="0" timestamp="2021-06-24T16:29:29" time="1.054" tests="1">
    <testcase classname="Component Tests Aplicacion Management Detail Component OnInit Should call load all on init" name="Component Tests Aplicacion Management Detail Component OnInit Should call load all on init" time="0.056">
    </testcase>
  </testsuite>
  <testsuite name="Component Tests" errors="0" failures="0" skipped="0" timestamp="2021-06-24T16:29:29" time="1.08" tests="1">
    <testcase classname="Component Tests Persona Management Detail Component OnInit Should call load all on init" name="Component Tests Persona Management Detail Component OnInit Should call load all on init" time="0.068">
    </testcase>
  </testsuite>
  <testsuite name="Service Tests" errors="0" failures="0" skipped="0" timestamp="2021-06-24T16:29:30" time="1.046" tests="5">
    <testcase classname="Service Tests CostoRepuestoProveedor Service Service methods should find an element" name="Service Tests CostoRepuestoProveedor Service Service methods should find an element" time="0.025">
    </testcase>
    <testcase classname="Service Tests CostoRepuestoProveedor Service Service methods should create a CostoRepuestoProveedor" name="Service Tests CostoRepuestoProveedor Service Service methods should create a CostoRepuestoProveedor" time="0.018">
    </testcase>
    <testcase classname="Service Tests CostoRepuestoProveedor Service Service methods should update a CostoRepuestoProveedor" name="Service Tests CostoRepuestoProveedor Service Service methods should update a CostoRepuestoProveedor" time="0.016">
    </testcase>
    <testcase classname="Service Tests CostoRepuestoProveedor Service Service methods should return a list of CostoRepuestoProveedor" name="Service Tests CostoRepuestoProveedor Service Service methods should return a list of CostoRepuestoProveedor" time="0.052">
    </testcase>
    <testcase classname="Service Tests CostoRepuestoProveedor Service Service methods should delete a CostoRepuestoProveedor" name="Service Tests CostoRepuestoProveedor Service Service methods should delete a CostoRepuestoProveedor" time="0.031">
    </testcase>
  </testsuite>
  <testsuite name="Service Tests" errors="0" failures="0" skipped="0" timestamp="2021-06-24T16:29:31" time="1.07" tests="5">
    <testcase classname="Service Tests DetallePresupuesto Service Service methods should find an element" name="Service Tests DetallePresupuesto Service Service methods should find an element" time="0.026">
    </testcase>
    <testcase classname="Service Tests DetallePresupuesto Service Service methods should create a DetallePresupuesto" name="Service Tests DetallePresupuesto Service Service methods should create a DetallePresupuesto" time="0.022">
    </testcase>
    <testcase classname="Service Tests DetallePresupuesto Service Service methods should update a DetallePresupuesto" name="Service Tests DetallePresupuesto Service Service methods should update a DetallePresupuesto" time="0.019">
    </testcase>
    <testcase classname="Service Tests DetallePresupuesto Service Service methods should return a list of DetallePresupuesto" name="Service Tests DetallePresupuesto Service Service methods should return a list of DetallePresupuesto" time="0.021">
    </testcase>
    <testcase classname="Service Tests DetallePresupuesto Service Service methods should delete a DetallePresupuesto" name="Service Tests DetallePresupuesto Service Service methods should delete a DetallePresupuesto" time="0.048">
    </testcase>
  </testsuite>
  <testsuite name="Component Tests" errors="0" failures="0" skipped="0" timestamp="2021-06-24T16:29:31" time="1.098" tests="1">
    <testcase classname="Component Tests MedioDePago Management Delete Component confirmDelete Should call delete service on confirmDelete" name="Component Tests MedioDePago Management Delete Component confirmDelete Should call delete service on confirmDelete" time="0.074">
    </testcase>
  </testsuite>
  <testsuite name="Service Tests" errors="0" failures="0" skipped="0" timestamp="2021-06-24T16:29:32" time="1.013" tests="5">
    <testcase classname="Service Tests Rubro Service Service methods should find an element" name="Service Tests Rubro Service Service methods should find an element" time="0.028">
    </testcase>
    <testcase classname="Service Tests Rubro Service Service methods should create a Rubro" name="Service Tests Rubro Service Service methods should create a Rubro" time="0.044">
    </testcase>
    <testcase classname="Service Tests Rubro Service Service methods should update a Rubro" name="Service Tests Rubro Service Service methods should update a Rubro" time="0.02">
    </testcase>
    <testcase classname="Service Tests Rubro Service Service methods should return a list of Rubro" name="Service Tests Rubro Service Service methods should return a list of Rubro" time="0.02">
    </testcase>
    <testcase classname="Service Tests Rubro Service Service methods should delete a Rubro" name="Service Tests Rubro Service Service methods should delete a Rubro" time="0.021">
    </testcase>
  </testsuite>
  <testsuite name="Service Tests" errors="0" failures="0" skipped="0" timestamp="2021-06-24T16:29:32" time="1.01" tests="5">
    <testcase classname="Service Tests EstadoMovimiento Service Service methods should find an element" name="Service Tests EstadoMovimiento Service Service methods should find an element" time="0.033">
    </testcase>
    <testcase classname="Service Tests EstadoMovimiento Service Service methods should create a EstadoMovimiento" name="Service Tests EstadoMovimiento Service Service methods should create a EstadoMovimiento" time="0.019">
    </testcase>
    <testcase classname="Service Tests EstadoMovimiento Service Service methods should update a EstadoMovimiento" name="Service Tests EstadoMovimiento Service Service methods should update a EstadoMovimiento" time="0.019">
    </testcase>
    <testcase classname="Service Tests EstadoMovimiento Service Service methods should return a list of EstadoMovimiento" name="Service Tests EstadoMovimiento Service Service methods should return a list of EstadoMovimiento" time="0.026">
    </testcase>
    <testcase classname="Service Tests EstadoMovimiento Service Service methods should delete a EstadoMovimiento" name="Service Tests EstadoMovimiento Service Service methods should delete a EstadoMovimiento" time="0.014">
    </testcase>
  </testsuite>
  <testsuite name="Service Tests" errors="0" failures="0" skipped="0" timestamp="2021-06-24T16:29:33" time="1.034" tests="5">
    <testcase classname="Service Tests CategoriaPago Service Service methods should find an element" name="Service Tests CategoriaPago Service Service methods should find an element" time="0.038">
    </testcase>
    <testcase classname="Service Tests CategoriaPago Service Service methods should create a CategoriaPago" name="Service Tests CategoriaPago Service Service methods should create a CategoriaPago" time="0.027">
    </testcase>
    <testcase classname="Service Tests CategoriaPago Service Service methods should update a CategoriaPago" name="Service Tests CategoriaPago Service Service methods should update a CategoriaPago" time="0.022">
    </testcase>
    <testcase classname="Service Tests CategoriaPago Service Service methods should return a list of CategoriaPago" name="Service Tests CategoriaPago Service Service methods should return a list of CategoriaPago" time="0.02">
    </testcase>
    <testcase classname="Service Tests CategoriaPago Service Service methods should delete a CategoriaPago" name="Service Tests CategoriaPago Service Service methods should delete a CategoriaPago" time="0.023">
    </testcase>
  </testsuite>
  <testsuite name="Component Tests" errors="0" failures="0" skipped="0" timestamp="2021-06-24T16:29:33" time="1.136" tests="1">
    <testcase classname="Component Tests Proveedor Management Detail Component OnInit Should call load all on init" name="Component Tests Proveedor Management Detail Component OnInit Should call load all on init" time="0.108">
    </testcase>
  </testsuite>
  <testsuite name="Service Tests" errors="0" failures="0" skipped="0" timestamp="2021-06-24T16:29:34" time="1.086" tests="5">
    <testcase classname="Service Tests DetallePedido Service Service methods should find an element" name="Service Tests DetallePedido Service Service methods should find an element" time="0.025">
    </testcase>
    <testcase classname="Service Tests DetallePedido Service Service methods should create a DetallePedido" name="Service Tests DetallePedido Service Service methods should create a DetallePedido" time="0.018">
    </testcase>
    <testcase classname="Service Tests DetallePedido Service Service methods should update a DetallePedido" name="Service Tests DetallePedido Service Service methods should update a DetallePedido" time="0.02">
    </testcase>
    <testcase classname="Service Tests DetallePedido Service Service methods should return a list of DetallePedido" name="Service Tests DetallePedido Service Service methods should return a list of DetallePedido" time="0.047">
    </testcase>
    <testcase classname="Service Tests DetallePedido Service Service methods should delete a DetallePedido" name="Service Tests DetallePedido Service Service methods should delete a DetallePedido" time="0.022">
    </testcase>
  </testsuite>
  <testsuite name="Component Tests" errors="0" failures="0" skipped="0" timestamp="2021-06-24T16:29:34" time="1.174" tests="1">
    <testcase classname="Component Tests PagoCheque Management Detail Component OnInit Should call load all on init" name="Component Tests PagoCheque Management Detail Component OnInit Should call load all on init" time="0.058">
    </testcase>
  </testsuite>
  <testsuite name="Component Tests" errors="0" failures="0" skipped="0" timestamp="2021-06-24T16:29:35" time="1.005" tests="3">
    <testcase classname="Component Tests PasswordStrengthBarComponent PasswordStrengthBarComponents should initialize with default values" name="Component Tests PasswordStrengthBarComponent PasswordStrengthBarComponents should initialize with default values" time="0.04">
    </testcase>
    <testcase classname="Component Tests PasswordStrengthBarComponent PasswordStrengthBarComponents should increase strength upon password value change" name="Component Tests PasswordStrengthBarComponent PasswordStrengthBarComponents should increase strength upon password value change" time="0.058">
    </testcase>
    <testcase classname="Component Tests PasswordStrengthBarComponent PasswordStrengthBarComponents should change the color based on strength" name="Component Tests PasswordStrengthBarComponent PasswordStrengthBarComponents should change the color based on strength" time="0.034">
    </testcase>
  </testsuite>
  <testsuite name="Service Tests" errors="0" failures="0" skipped="0" timestamp="2021-06-24T16:29:35" time="1.015" tests="5">
    <testcase classname="Service Tests CobranzaRepuesto Service Service methods should find an element" name="Service Tests CobranzaRepuesto Service Service methods should find an element" time="0.025">
    </testcase>
    <testcase classname="Service Tests CobranzaRepuesto Service Service methods should create a CobranzaRepuesto" name="Service Tests CobranzaRepuesto Service Service methods should create a CobranzaRepuesto" time="0.018">
    </testcase>
    <testcase classname="Service Tests CobranzaRepuesto Service Service methods should update a CobranzaRepuesto" name="Service Tests CobranzaRepuesto Service Service methods should update a CobranzaRepuesto" time="0.022">
    </testcase>
    <testcase classname="Service Tests CobranzaRepuesto Service Service methods should return a list of CobranzaRepuesto" name="Service Tests CobranzaRepuesto Service Service methods should return a list of CobranzaRepuesto" time="0.017">
    </testcase>
    <testcase classname="Service Tests CobranzaRepuesto Service Service methods should delete a CobranzaRepuesto" name="Service Tests CobranzaRepuesto Service Service methods should delete a CobranzaRepuesto" time="0.025">
    </testcase>
  </testsuite>
  <testsuite name="Service Tests" errors="0" failures="0" skipped="0" timestamp="2021-06-24T16:29:36" time="1.052" tests="5">
    <testcase classname="Service Tests Sucursal Service Service methods should find an element" name="Service Tests Sucursal Service Service methods should find an element" time="0.031">
    </testcase>
    <testcase classname="Service Tests Sucursal Service Service methods should create a Sucursal" name="Service Tests Sucursal Service Service methods should create a Sucursal" time="0.057">
    </testcase>
    <testcase classname="Service Tests Sucursal Service Service methods should update a Sucursal" name="Service Tests Sucursal Service Service methods should update a Sucursal" time="0.021">
    </testcase>
    <testcase classname="Service Tests Sucursal Service Service methods should return a list of Sucursal" name="Service Tests Sucursal Service Service methods should return a list of Sucursal" time="0.026">
    </testcase>
    <testcase classname="Service Tests Sucursal Service Service methods should delete a Sucursal" name="Service Tests Sucursal Service Service methods should delete a Sucursal" time="0.034">
    </testcase>
  </testsuite>
  <testsuite name="Component Tests" errors="0" failures="0" skipped="0" timestamp="2021-06-24T16:29:36" time="1.349" tests="1">
    <testcase classname="Component Tests Articulo Management Detail Component OnInit Should call load all on init" name="Component Tests Articulo Management Detail Component OnInit Should call load all on init" time="0.092">
    </testcase>
  </testsuite>
  <testsuite name="Component Tests" errors="0" failures="0" skipped="0" timestamp="2021-06-24T16:29:37" time="1.307" tests="1">
    <testcase classname="Component Tests PagoTarjeta Management Detail Component OnInit Should call load all on init" name="Component Tests PagoTarjeta Management Detail Component OnInit Should call load all on init" time="0.058">
    </testcase>
  </testsuite>
  <testsuite name="Component Tests" errors="0" failures="0" skipped="0" timestamp="2021-06-24T16:29:38" time="1.075" tests="1">
    <testcase classname="Component Tests Operacion Management Detail Component OnInit Should call load all on init" name="Component Tests Operacion Management Detail Component OnInit Should call load all on init" time="0.064">
    </testcase>
  </testsuite>
  <testsuite name="Component Tests" errors="0" failures="0" skipped="0" timestamp="2021-06-24T16:29:38" time="1.107" tests="1">
    <testcase classname="Component Tests User Management Detail Component OnInit Should call load all on init" name="Component Tests User Management Detail Component OnInit Should call load all on init" time="0.06">
    </testcase>
  </testsuite>
  <testsuite name="Component Tests" errors="0" failures="0" skipped="0" timestamp="2021-06-24T16:29:39" time="1.134" tests="1">
    <testcase classname="Component Tests Localidad Management Detail Component OnInit Should call load all on init" name="Component Tests Localidad Management Detail Component OnInit Should call load all on init" time="0.066">
    </testcase>
  </testsuite>
  <testsuite name="Component Tests" errors="0" failures="0" skipped="0" timestamp="2021-06-24T16:29:40" time="1.111" tests="1">
    <testcase classname="Component Tests Cilindrada Management Detail Component OnInit Should call load all on init" name="Component Tests Cilindrada Management Detail Component OnInit Should call load all on init" time="0.097">
    </testcase>
  </testsuite>
  <testsuite name="Service Tests" errors="0" failures="0" skipped="0" timestamp="2021-06-24T16:29:40" time="1.048" tests="5">
    <testcase classname="Service Tests Persona Service Service methods should find an element" name="Service Tests Persona Service Service methods should find an element" time="0.025">
    </testcase>
    <testcase classname="Service Tests Persona Service Service methods should create a Persona" name="Service Tests Persona Service Service methods should create a Persona" time="0.018">
    </testcase>
    <testcase classname="Service Tests Persona Service Service methods should update a Persona" name="Service Tests Persona Service Service methods should update a Persona" time="0.016">
    </testcase>
    <testcase classname="Service Tests Persona Service Service methods should return a list of Persona" name="Service Tests Persona Service Service methods should return a list of Persona" time="0.015">
    </testcase>
    <testcase classname="Service Tests Persona Service Service methods should delete a Persona" name="Service Tests Persona Service Service methods should delete a Persona" time="0.044">
    </testcase>
  </testsuite>
  <testsuite name="Component Tests" errors="0" failures="0" skipped="0" timestamp="2021-06-24T16:29:41" time="1.12" tests="1">
    <testcase classname="Component Tests User Management Delete Component confirmDelete Should call delete service on confirmDelete" name="Component Tests User Management Delete Component confirmDelete Should call delete service on confirmDelete" time="0.04">
    </testcase>
  </testsuite>
  <testsuite name="Component Tests" errors="0" failures="0" skipped="0" timestamp="2021-06-24T16:29:41" time="1.116" tests="1">
    <testcase classname="Component Tests Caja Management Detail Component OnInit Should call load all on init" name="Component Tests Caja Management Detail Component OnInit Should call load all on init" time="0.072">
    </testcase>
  </testsuite>
  <testsuite name="Service Tests" errors="0" failures="0" skipped="0" timestamp="2021-06-24T16:29:42" time="1.183" tests="4">
    <testcase classname="Service Tests User Service Service methods should call correct URL" name="Service Tests User Service Service methods should call correct URL" time="0.034">
    </testcase>
    <testcase classname="Service Tests User Service Service methods should return User" name="Service Tests User Service Service methods should return User" time="0.024">
    </testcase>
    <testcase classname="Service Tests User Service Service methods should return Authorities" name="Service Tests User Service Service methods should return Authorities" time="0.025">
    </testcase>
    <testcase classname="Service Tests User Service Service methods should propagate not found response" name="Service Tests User Service Service methods should propagate not found response" time="0.028">
    </testcase>
  </testsuite>
  <testsuite name="Service Tests" errors="0" failures="0" skipped="0" timestamp="2021-06-24T16:29:42" time="1.012" tests="3">
    <testcase classname="Service Tests Logs Service Service methods should call correct URL" name="Service Tests Logs Service Service methods should call correct URL" time="0.024">
    </testcase>
    <testcase classname="Service Tests Logs Service Service methods should get the config" name="Service Tests Logs Service Service methods should get the config" time="0.02">
    </testcase>
    <testcase classname="Service Tests Logs Service Service methods should get the env" name="Service Tests Logs Service Service methods should get the env" time="0.026">
    </testcase>
  </testsuite>
  <testsuite name="Service Tests" errors="0" failures="0" skipped="0" timestamp="2021-06-24T16:29:43" time="0.982" tests="3">
    <testcase classname="Service Tests Audits Service Service methods should call correct URL" name="Service Tests Audits Service Service methods should call correct URL" time="0.025">
    </testcase>
    <testcase classname="Service Tests Audits Service Service methods should return Audits" name="Service Tests Audits Service Service methods should return Audits" time="0.018">
    </testcase>
    <testcase classname="Service Tests Audits Service Service methods should propagate not found response" name="Service Tests Audits Service Service methods should propagate not found response" time="0.02">
    </testcase>
  </testsuite>
  <testsuite name="Service Tests" errors="0" failures="0" skipped="0" timestamp="2021-06-24T16:29:43" time="0.916" tests="2">
    <testcase classname="Service Tests Logs Service Service methods should call correct URL" name="Service Tests Logs Service Service methods should call correct URL" time="0.034">
    </testcase>
    <testcase classname="Service Tests Logs Service Service methods should change log level" name="Service Tests Logs Service Service methods should change log level" time="0.019">
    </testcase>
  </testsuite>
</testsuites>